 Project1.exe

 Timestamp is 588f8735 (Mon Jan 30 15:34:29 2017)

 Preferred load address is 00400000

 Start         Length     Name                   Class
 0001:00000000 00114b60H .text                   CODE                  
 0002:00000000 000c5644H .rdata                  DATA                  
 0002:000c5644 00000100H .CRT$XIC                DATA                  
 0003:00000000 00000874H .rsrc                   DATA                  
 0004:00000000 0002aba4H .data                   DATA                  
 0004:0002aba4 0000017cH .idata$2                DATA                  
 0004:0002ad20 00000014H .idata$3                DATA                  
 0004:0002ad34 00000b3cH .idata$4                DATA                  
 0004:0002b870 00000b3cH .idata$5                DATA                  
 0004:0002c3ac 0000308cH .idata$6                DATA                  
 0004:0002f438 0000aa84H .bss                    DATA                  

  Address         Publics by Value              Rva+Base     Lib:Object

 0001:00000050       _HB_FUN_MAIN               00401050 f   Project1_Main.obj
 0001:000000c0       _HB_FUN___PROJECT1         004010c0 f   Project1_XFM.obj
 0001:00000180       _HB_FUN_FORM1              00401180 f   Form1.obj
 0001:00000400       _HB_FUN_RETORNATAMANHOBUFFER 00401400 f   Form1.obj
 0001:00000530       _HB_FUN___GETAPPLICATION   00401530 f   VXH:Application.obj
 0001:00000570       _HB_FUN_GPFCATCH           00401570 f   VXH:Application.obj
 0001:00000590       _HB_FUN_APPLICATION        00401590 f   VXH:Application.obj
 0001:00000790       _HB_FUN___ALERTDLG         00401790 f   VXH:Application.obj
 0001:000007f0       _HB_FUN_ERRORSYS           004017f0 f   VXH:Application.obj
 0001:00000890       _HB_FUN_GETPROCSTACK       00401890 f   VXH:Application.obj
 0001:00000910       _HB_FUN_ERRDIALOG          00401910 f   VXH:Application.obj
 0001:00000930       _HB_FUN___ERRORDLGPROC     00401930 f   VXH:Application.obj
 0001:00000950       _HB_FUN___DRAWDNARROW      00401950 f   VXH:Application.obj
 0001:00000970       _HB_FUN_MEMORYTABLE        00401970 f   VXH:Application.obj
 0001:00000990       _HB_FUN_WF_QUITONERROR     00401990 f   VXH:Application.obj
 0001:00000a20       _HB_FUN_WINDOW             00401a20 f   VXH:Window.obj
 0001:00000e00       _HB_FUN_CHECKCONTROLNAME   00401e00 f   VXH:Window.obj
 0001:00000e20       _HB_FUN_EXECUTEEVENT       00401e20 f   VXH:Window.obj
 0001:000012e0       _HB_FUN___EVALUATE         004022e0 f   VXH:Window.obj
 0001:00001300       _HB_FUN___WINDOWDOCK       00402300 f   VXH:Window.obj
 0001:000013c0       _HB_FUN___ANCHORSET        004023c0 f   VXH:Window.obj
 0001:00001440       _HB_FUN_HSLTORGB           00402440 f   VXH:Window.obj
 0001:00001460       _HB_FUN_RGBTOHSL           00402460 f   VXH:Window.obj
 0001:00001480       _HB_FUN___FADECOLOR        00402480 f   VXH:Window.obj
 0001:000014a0       _HB_FUN_STRTRIM            004024a0 f   VXH:Window.obj
 0001:000014c0       _HB_FUN___GETICONSIZE      004024c0 f   VXH:Window.obj
 0001:000014e0       _HB_FUN___FONTCREATE       004024e0 f   VXH:Window.obj
 0001:00001500       _HB_FUN___STR2A            00402500 f   VXH:Window.obj
 0001:00001520       _HB_FUN___A2STR            00402520 f   VXH:Window.obj
 0001:00001540       _HB_FUN___ASSTRING         00402540 f   VXH:Window.obj
 0001:00001560       _HB_FUN___DRAWSPECIALCHAR  00402560 f   VXH:Window.obj
 0001:00001580       _HB_FUN___DRAW3DRECT       00402580 f   VXH:Window.obj
 0001:000015a0       _HB_FUN_OFFSET             004025a0 f   VXH:Window.obj
 0001:000015c0       _HB_FUN_ISCHILDOFACTIVEWINDOW 004025c0 f   VXH:Window.obj
 0001:000015e0       _HB_FUN___DELETEEVENTS     004025e0 f   VXH:Window.obj
 0001:00001600       _HB_FUN_WINFORM            00402600 f   VXH:Window.obj
 0001:000019c0       _HB_FUN___BROWSECHILDREN   004029c0 f   VXH:Window.obj
 0001:000019e0       _HB_FUN_XSTR               004029e0 f   VXH:Window.obj
 0001:00001a00       _HB_FUN_ASSOCIATEWITH      00402a00 f   VXH:Window.obj
 0001:00001a20       _HB_FUN___ANIMATION        00402a20 f   VXH:Window.obj
 0001:00001a60       _HB_FUN___SETINITIALVALUES 00402a60 f   VXH:Window.obj
 0001:00001a80       _HB_FUN_GETDESKTOPRECT     00402a80 f   VXH:Window.obj
 0001:00001aa0       _HB_FUN___CHKCOMPONENT     00402aa0 f   VXH:Window.obj
 0001:00001ac0       _HB_FUN_TRACEDBG           00402ac0 f   VXH:Window.obj
 0001:00001ae0       _HB_FUN_KEYCOUNTRAW        00402ae0 f   VXH:Window.obj
 0001:00001b00       _HB_FUN_AEVENTS            00402b00 f   VXH:Window.obj
 0001:00001b90       _HB_FUN_BUTTON             00402b90 f   VXH:Button.obj
 0001:00001d70       _HB_FUN_COMMANDLINK        00402d70 f   VXH:Button.obj
 0001:00001e80       _HB_FUN_EDITBOX            00402e80 f   VXH:Edit.obj
 0001:000023a0       _HB_FUN_EDIT               004033a0 f   VXH:Edit.obj
 0001:00002430       _HB_FUN_LABEL              00403430 f   VXH:Label.obj
 0001:00002530       _HB_FUN_LINE               00403530 f   VXH:Label.obj
 0001:000026a0       _HB_FUN_CHECKBOX           004036a0 f   VXH:CheckBox.obj
 0001:00002850       _HB_FUN_COMBOBOX           00403850 f   VXH:ComboBox.obj
 0001:00002b50       _HB_FUN_DRIVECOMBOBOX      00403b50 f   VXH:ComboBox.obj
 0001:00002bd0       _HB_FUN_COLORPICKER        00403bd0 f   VXH:ComboBox.obj
 0001:00002c90       _HB_FUN_CURSORCOMBOBOX     00403c90 f   VXH:ComboBox.obj
 0001:00002d10       _HB_FUN_FONTCOMBOBOX       00403d10 f   VXH:ComboBox.obj
 0001:00002d90       _HB_FUN_COMBOBOXEX         00403d90 f   VXH:ComboBox.obj
 0001:00002e90       _HB_FUN_FORMCOMBOBOX       00403e90 f   VXH:ComboBox.obj
 0001:00002f50       _HB_FUN_GETOBJCHILDREN     00403f50 f   VXH:ComboBox.obj
 0001:00003100       _OutputDebugValues         00404100 f   VXH:winapi.obj
 0001:000039d0       _HB_FUN_GLOBALSTRING       004049d0 f   VXH:winapi.obj
 0001:00003a70       _HB_FUN_FREEGLOBALSTRING   00404a70 f   VXH:winapi.obj
 0001:00003b10       _HB_FUN_HB_POINTER2STRING  00404b10 f   VXH:winapi.obj
 0001:00003c10       _HB_FUN_ARRAYPOINTER       00404c10 f   VXH:winapi.obj
 0001:00003c70       _HB_FUN_STRINGPOINTER      00404c70 f   VXH:winapi.obj
 0001:00003cc0       _HB_FUN___GETOBJID         00404cc0 f   VXH:winapi.obj
 0001:00003d20       _HB_FUN_LONGFROMPOINTER    00404d20 f   VXH:winapi.obj
 0001:00003db0       _HB_FUN_ARRAYFROMPOINTER   00404db0 f   VXH:winapi.obj
 0001:00003e70       _HB_FUN_ARRAYPOINTERSCOUNT 00404e70 f   VXH:winapi.obj
 0001:00003e90       _HB_FUN_RELEASEARRAYPOINTER 00404e90 f   VXH:winapi.obj
 0001:00003f20       _HB_FUN_REGISTERCLASS      00404f20 f   VXH:winapi.obj
 0001:00003fb0       _HB_FUN_UNREGISTERCLASS    00404fb0 f   VXH:winapi.obj
 0001:00004000       _HB_FUN_REGISTERCLASSEX    00405000 f   VXH:winapi.obj
 0001:00004090       _HB_FUN_CREATEWINDOW       00405090 f   VXH:winapi.obj
 0001:00004150       _HB_FUN_CREATEWINDOWEX     00405150 f   VXH:winapi.obj
 0001:000042a0       _HB_FUN_SHOWWINDOW         004052a0 f   VXH:winapi.obj
 0001:000042f0       _HB_FUN_GETMESSAGE         004052f0 f   VXH:winapi.obj
 0001:00004490       _HB_FUN_ISDIALOGMESSAGE    00405490 f   VXH:winapi.obj
 0001:00004550       _HB_FUN_TRANSLATEMESSAGE   00405550 f   VXH:winapi.obj
 0001:000045f0       _HB_FUN_DISPATCHMESSAGE    004055f0 f   VXH:winapi.obj
 0001:00004690       _HB_FUN_DEFWINDOWPROC      00405690 f   VXH:winapi.obj
 0001:000046e0       _HB_FUN_DEFWINDOWPROCPOINTER 004056e0 f   VXH:winapi.obj
 0001:00004700       _HB_FUN_DEFDLGPROCPOINTER  00405700 f   VXH:winapi.obj
 0001:00004720       _HB_FUN_GETMODULEHANDLE    00405720 f   VXH:winapi.obj
 0001:00004740       _HB_FUN_POSTQUITMESSAGE    00405740 f   VXH:winapi.obj
 0001:00004770       _HB_FUN_SETWINDOWTEXT      00405770 f   VXH:winapi.obj
 0001:000047a0       _HB_FUN_SETFOCUS           004057a0 f   VXH:winapi.obj
 0001:000047c0       _HB_FUN_GETCARETPOS        004057c0 f   VXH:winapi.obj
 0001:00004900       _HB_FUN_SETCARETPOS        00405900 f   VXH:winapi.obj
 0001:00004950       _HB_FUN_GETTEXTEXTENTPOINT32 00405950 f   VXH:winapi.obj
 0001:00004ad0       _HB_FUN_GETDC              00405ad0 f   VXH:winapi.obj
 0001:00004b20       _HB_FUN_RELEASEDC          00405b20 f   VXH:winapi.obj
 0001:00004b90       _HB_FUN_DESTROYWINDOW      00405b90 f   VXH:winapi.obj
 0001:00004bd0       _HB_FUN_GETTEXTMETRICS     00405bd0 f   VXH:winapi.obj
 0001:00004d20       _HB_FUN_SENDMESSAGE        00405d20 f   VXH:winapi.obj
 0001:00004fa0       _HB_FUN_POSTMESSAGE        00405fa0 f   VXH:winapi.obj
 0001:00004ff0       _HB_FUN_TEXTOUT            00405ff0 f   VXH:winapi.obj
 0001:00005070       _HB_FUN_BEGINPAINT         00406070 f   VXH:winapi.obj
 0001:000051b0       _HB_FUN_ENDPAINT           004061b0 f   VXH:winapi.obj
 0001:00005250       _HB_FUN_SETTEXTCOLOR       00406250 f   VXH:winapi.obj
 0001:00005280       _HB_FUN_SETDCPENCOLOR      00406280 f   VXH:winapi.obj
 0001:000052b0       _HB_FUN_SELECTOBJECT       004062b0 f   VXH:winapi.obj
 0001:000052e0       _HB_FUN_CREATEFONT         004062e0 f   VXH:winapi.obj
 0001:000053d0       _HB_FUN_INVALIDATERECT     004063d0 f   VXH:winapi.obj
 0001:00005540       _HB_FUN_FILLRECT           00406540 f   VXH:winapi.obj
 0001:00005630       _HB_FUN_CALLWINDOWPROC     00406630 f   VXH:winapi.obj
 0001:00005690       _HB_FUN_SETWINDOWLONG      00406690 f   VXH:winapi.obj
 0001:00005750       _HB_FUN_GETWINDOWLONG      00406750 f   VXH:winapi.obj
 0001:00005780       _HB_FUN_GETCLASSINFO       00406780 f   VXH:winapi.obj
 0001:00005990       _HB_FUN_GETSYSCOLORBRUSH   00406990 f   VXH:winapi.obj
 0001:000059b0       _HB_FUN_GETCLIENTRECT      004069b0 f   VXH:winapi.obj
 0001:00005af0       _HB_FUN_LOADCURSOR         00406af0 f   VXH:winapi.obj
 0001:00005b50       _HB_FUN_LOADCURSORFROMFILE 00406b50 f   VXH:winapi.obj
 0001:00005b70       _HB_FUN_COPYICON           00406b70 f   VXH:winapi.obj
 0001:00005b90       _HB_FUN_SETCURSOR          00406b90 f   VXH:winapi.obj
 0001:00005bb0       _HB_FUN_GETCURSOR          00406bb0 f   VXH:winapi.obj
 0001:00005bd0       _HB_FUN_OUTPUTDEBUGSTRING  00406bd0 f   VXH:winapi.obj
 0001:00005bf0       _HB_FUN_DEFDLGPROC         00406bf0 f   VXH:winapi.obj
 0001:00005c40       _HB_FUN_GETNEXTDLGTABITEM  00406c40 f   VXH:winapi.obj
 0001:00005c80       _HB_FUN_SETCLASSLONG       00406c80 f   VXH:winapi.obj
 0001:00005cc0       _HB_FUN_GETACTIVEWINDOW    00406cc0 f   VXH:winapi.obj
 0001:00005ce0       _HB_FUN_GETFOCUS           00406ce0 f   VXH:winapi.obj
 0001:00005d00       _HB_FUN_CREATEMUTEX        00406d00 f   VXH:winapi.obj
 0001:00005db0       _HB_FUN_RELEASEMUTEX       00406db0 f   VXH:winapi.obj
 0001:00005dd0       _HB_FUN_OPENMUTEX          00406dd0 f   VXH:winapi.obj
 0001:00005e10       _HB_FUN_GETMODULEFILENAME  00406e10 f   VXH:winapi.obj
 0001:00005ea0       _HB_FUN_GETLASTERROR       00406ea0 f   VXH:winapi.obj
 0001:00005ec0       _HB_FUN_GETSYSCOLOR        00406ec0 f   VXH:winapi.obj
 0001:00005ee0       _HB_FUN_GETTEMPPATH        00406ee0 f   VXH:winapi.obj
 0001:00005f30       _HB_FUN_GETWINDOWSDIRECTORY 00406f30 f   VXH:winapi.obj
 0001:00005f80       _HB_FUN_CREATEACCELERATORTABLE 00406f80 f   VXH:winapi.obj
 0001:00006060       _HB_FUN_DESTROYACCELERATORTABLE 00407060 f   VXH:winapi.obj
 0001:000060a0       _HB_FUN_LOADICON           004070a0 f   VXH:winapi.obj
 0001:00006120       _HB_FUN_INITCOMMONCONTROLS 00407120 f   VXH:winapi.obj
 0001:00006130       _HB_FUN_INITCOMMONCONTROLSEX 00407130 f   VXH:winapi.obj
 0001:00006180       _HB_FUN_GETVERSIONEX       00407180 f   VXH:winapi.obj
 0001:000062e0       _HB_FUN_GETANCESTOR        004072e0 f   VXH:winapi.obj
 0001:00006340       _HB_FUN_TRANSLATEACCELERATOR 00407340 f   VXH:winapi.obj
 0001:00006400       _HB_FUN_TRANSLATEMDISYSACCEL 00407400 f   VXH:winapi.obj
 0001:000064b0       _HB_FUN_PEEKMESSAGE        004074b0 f   VXH:winapi.obj
 0001:00006660       _HB_FUN_DELETEOBJECT       00407660 f   VXH:winapi.obj
 0001:000066a0       _HB_FUN_CREATESOLIDBRUSH   004076a0 f   VXH:winapi.obj
 0001:000066c0       _HB_FUN_GETRVALUE          004076c0 f   VXH:winapi.obj
 0001:000066f0       _HB_FUN_GETGVALUE          004076f0 f   VXH:winapi.obj
 0001:00006720       _HB_FUN_GETBVALUE          00407720 f   VXH:winapi.obj
 0001:00006750       _HB_FUN_ISWINDOWVISIBLE    00407750 f   VXH:winapi.obj
 0001:00006790       _HB_FUN_ISWINDOW           00407790 f   VXH:winapi.obj
 0001:000067d0       _HB_FUN_GETWINDOWTEXT      004077d0 f   VXH:winapi.obj
 0001:000068a0       _HB_FUN_GETWINDOWTEXTLENGTH 004078a0 f   VXH:winapi.obj
 0001:000068d0       _HB_FUN_ENABLEWINDOW       004078d0 f   VXH:winapi.obj
 0001:00006900       _HB_FUN_LOCKWINDOWUPDATE   00407900 f   VXH:winapi.obj
 0001:00006940       _HB_FUN_FINDWINDOWEX       00407940 f   VXH:winapi.obj
 0001:00006990       _HB_FUN_SETSCROLLINFO      00407990 f   VXH:winapi.obj
 0001:00006a60       _HB_FUN_TRACKMOUSEEVENT    00407a60 f   VXH:winapi.obj
 0001:00006b40       _HB_FUN_GETSCROLLBARINFO   00407b40 f   VXH:winapi.obj
 0001:00006d00       _HB_FUN_SETWINDOWPLACEMENT 00407d00 f   VXH:winapi.obj
 0001:00006dc0       _HB_FUN_GETWINDOWPLACEMENT 00407dc0 f   VXH:winapi.obj
 0001:00006f10       _HB_FUN_GETWINDOWINFO      00407f10 f   VXH:winapi.obj
 0001:00007060       _HB_FUN_GETDESKTOPWINDOW   00408060 f   VXH:winapi.obj
 0001:00007080       _HB_FUN_DEFFRAMEPROC       00408080 f   VXH:winapi.obj
 0001:000070e0       _HB_FUN_DEFMDICHILDPROC    004080e0 f   VXH:winapi.obj
 0001:00007130       _HB_FUN_GETSCROLLINFO      00408130 f   VXH:winapi.obj
 0001:00007290       _HB_FUN_GETICONINFO        00408290 f   VXH:winapi.obj
 0001:000073d0       _HB_FUN_GETMENUITEMINFO    004083d0 f   VXH:winapi.obj
 0001:000074f0       _HB_FUN_GETMENUSTRING      004084f0 f   VXH:winapi.obj
 0001:00007570       _HB_FUN_GETMENUITEMID      00408570 f   VXH:winapi.obj
 0001:000075b0       _HB_FUN_GETMENUITEMCOUNT   004085b0 f   VXH:winapi.obj
 0001:000075e0       _HB_FUN_GETSYSTEMMENU      004085e0 f   VXH:winapi.obj
 0001:00007610       _HB_FUN_CREATEPOPUPMENU    00408610 f   VXH:winapi.obj
 0001:00007630       _HB_FUN_LOWORD             00408630 f   VXH:winapi.obj
 0001:00007660       _HB_FUN_HIWORD             00408660 f   VXH:winapi.obj
 0001:00007690       _HB_FUN_MAKELONG           00408690 f   VXH:winapi.obj
 0001:000076d0       _HB_FUN_SHOWCARET          004086d0 f   VXH:winapi.obj
 0001:00007710       _HB_FUN_HIDECARET          00408710 f   VXH:winapi.obj
 0001:00007750       _HB_FUN_CREATECARET        00408750 f   VXH:winapi.obj
 0001:000077c0       _HB_FUN_DESTROYCARET       004087c0 f   VXH:winapi.obj
 0001:000077f0       _HB_FUN_SETCAPTURE         004087f0 f   VXH:winapi.obj
 0001:00007810       _HB_FUN_RELEASECAPTURE     00408810 f   VXH:winapi.obj
 0001:00007840       _HB_FUN_GETOPENCLIPBOARDWINDOW 00408840 f   VXH:winapi.obj
 0001:00007860       _HB_FUN_OPENCLIPBOARD      00408860 f   VXH:winapi.obj
 0001:000078a0       _HB_FUN_EMPTYCLIPBOARD     004088a0 f   VXH:winapi.obj
 0001:000078d0       _HB_FUN_SCROLLWINDOW       004088d0 f   VXH:winapi.obj
 0001:000079e0       _HB_FUN_SETACTIVEWINDOW    004089e0 f   VXH:winapi.obj
 0001:00007a00       _HB_FUN_BRINGWINDOWTOTOP   00408a00 f   VXH:winapi.obj
 0001:00007a40       _HB_FUN_CREATECOMPATIBLEDC 00408a40 f   VXH:winapi.obj
 0001:00007a60       _HB_FUN_WINDOWFROMDC       00408a60 f   VXH:winapi.obj
 0001:00007a80       _HB_FUN_GETWINDOWDC        00408a80 f   VXH:winapi.obj
 0001:00007aa0       _HB_FUN_CREATEDC           00408aa0 f   VXH:winapi.obj
 0001:00007b60       _HB_FUN_RESETDC            00408b60 f   VXH:winapi.obj
 0001:00007c40       _HB_FUN_GETDCORGEX         00408c40 f   VXH:winapi.obj
 0001:00007d30       _HB_FUN_OFFSETRECT         00408d30 f   VXH:winapi.obj
 0001:00007e30       _HB_FUN_SCREENTOCLIENT     00408e30 f   VXH:winapi.obj
 0001:00007f20       _HB_FUN_CLIENTTOSCREEN     00408f20 f   VXH:winapi.obj
 0001:00008010       _HB_FUN_SETWINDOWPOS       00409010 f   VXH:winapi.obj
 0001:000080a0       _HB_FUN_BEGINDEFERWINDOWPOS 004090a0 f   VXH:winapi.obj
 0001:000080c0       _HB_FUN_DEFERWINDOWPOS     004090c0 f   VXH:winapi.obj
 0001:00008150       _HB_FUN_ENDDEFERWINDOWPOS  00409150 f   VXH:winapi.obj
 0001:00008190       _HB_FUN_SENDDLGITEMMESSAGE 00409190 f   VXH:winapi.obj
 0001:00008250       _HB_FUN_REDRAWWINDOW       00409250 f   VXH:winapi.obj
 0001:000083b0       _HB_FUN_ISWINDOWENABLED    004093b0 f   VXH:winapi.obj
 0001:000083f0       _HB_FUN_VALIDATERECT       004093f0 f   VXH:winapi.obj
 0001:00008500       _HB_FUN_MAPWINDOWPOINTS    00409500 f   VXH:winapi.obj
 0001:00008610       _HB_FUN_DELETEDC           00409610 f   VXH:winapi.obj
 0001:00008650       _HB_FUN_DELETEMENU         00409650 f   VXH:winapi.obj
 0001:000086b0       _HB_FUN_SETMENUITEMINFO    004096b0 f   VXH:winapi.obj
 0001:00008790       _HB_FUN_INSERTMENUITEM     00409790 f   VXH:winapi.obj
 0001:00008870       _HB_FUN_ISMENU             00409870 f   VXH:winapi.obj
 0001:000088b0       _HB_FUN_SETMENUDEFAULTITEM 004098b0 f   VXH:winapi.obj
 0001:000088f0       _HB_FUN_SETMENU            004098f0 f   VXH:winapi.obj
 0001:00008940       _HB_FUN_GETMENU            00409940 f   VXH:winapi.obj
 0001:00008960       _HB_FUN_CREATEMENU         00409960 f   VXH:winapi.obj
 0001:00008980       _HB_FUN_APPENDMENU         00409980 f   VXH:winapi.obj
 0001:000089f0       _HB_FUN_INSERTMENU         004099f0 f   VXH:winapi.obj
 0001:00008a70       _HB_FUN_MODIFYMENU         00409a70 f   VXH:winapi.obj
 0001:00008af0       _HB_FUN_TRACKPOPUPMENU     00409af0 f   VXH:winapi.obj
 0001:00008b60       _HB_FUN_SETFOREGROUNDWINDOW 00409b60 f   VXH:winapi.obj
 0001:00008ba0       _HB_FUN_GETFOREGROUNDWINDOW 00409ba0 f   VXH:winapi.obj
 0001:00008bc0       _HB_FUN_GETCLASSLONG       00409bc0 f   VXH:winapi.obj
 0001:00008bf0       _HB_FUN_CALLNEXTHOOKEX     00409bf0 f   VXH:winapi.obj
 0001:00008c40       _HB_FUN_MENUITEMFROMPOINT  00409c40 f   VXH:winapi.obj
 0001:00008d00       _HB_FUN_GETCLASSNAME       00409d00 f   VXH:winapi.obj
 0001:00008d50       _HB_FUN_DESTROYMENU        00409d50 f   VXH:winapi.obj
 0001:00008d90       _HB_FUN_GETCURRENTTHREADID 00409d90 f   VXH:winapi.obj
 0001:00008db0       _HB_FUN_POSTTHREADMESSAGE  00409db0 f   VXH:winapi.obj
 0001:00008e20       _HB_FUN_POLYGON            00409e20 f   VXH:winapi.obj
 0001:00008f40       _HB_FUN_MOVEWINDOW         00409f40 f   VXH:winapi.obj
 0001:00009000       _HB_FUN_UPDATEWINDOW       0040a000 f   VXH:winapi.obj
 0001:00009040       _HB_FUN_SETTIMER           0040a040 f   VXH:winapi.obj
 0001:000090d0       _HB_FUN_KILLTIMER          0040a0d0 f   VXH:winapi.obj
 0001:00009120       _HB_FUN_LOADIMAGE          0040a120 f   VXH:winapi.obj
 0001:000091e0       _HB_FUN_LOADBITMAP         0040a1e0 f   VXH:winapi.obj
 0001:00009260       _HB_FUN_CREATEPATTERNBRUSH 0040a260 f   VXH:winapi.obj
 0001:00009280       _HB_FUN_CREATEMDIWINDOW    0040a280 f   VXH:winapi.obj
 0001:00009330       _HB_FUN_GETWINDOWRECT      0040a330 f   VXH:winapi.obj
 0001:00009470       _HB_FUN_DRAWTEXT           0040a470 f   VXH:winapi.obj
 0001:000095f0       _HB_FUN_SETBKMODE          0040a5f0 f   VXH:winapi.obj
 0001:00009630       _HB_FUN_GETSYSTEMMETRICS   0040a630 f   VXH:winapi.obj
 0001:00009660       _HB_FUN_GETKEYSTATE        0040a660 f   VXH:winapi.obj
 0001:000096a0       _HB_FUN_ISKEYDOWN          0040a6a0 f   VXH:winapi.obj
 0001:000096e0       _HB_FUN_CHECKBIT           0040a6e0 f   VXH:winapi.obj
 0001:00009730       _HB_FUN_GETDLGITEM         0040a730 f   VXH:winapi.obj
 0001:00009760       _HB_FUN_SETPARENT          0040a760 f   VXH:winapi.obj
 0001:00009790       _HB_FUN_SETWINDOWRGN       0040a790 f   VXH:winapi.obj
 0001:000097e0       _HB_FUN_GETPROFILESTRING   0040a7e0 f   VXH:winapi.obj
 0001:000098b0       _HB_FUN_GETPRIVATEPROFILESTRING 0040a8b0 f   VXH:winapi.obj
 0001:00009990       _HB_FUN_WRITEPROFILESECTION 0040a990 f   VXH:winapi.obj
 0001:000099e0       _HB_FUN_WRITEPROFILESTRING 0040a9e0 f   VXH:winapi.obj
 0001:00009a40       _HB_FUN_WRITEPRIVATEPROFILESECTION 0040aa40 f   VXH:winapi.obj
 0001:00009aa0       _HB_FUN_GETPRIVATEPROFILEINT 0040aaa0 f   VXH:winapi.obj
 0001:00009b00       _HB_FUN_WRITEPRIVATEPROFILESTRING 0040ab00 f   VXH:winapi.obj
 0001:00009b70       _HB_FUN_GETPROFILEINT      0040ab70 f   VXH:winapi.obj
 0001:00009bc0       _HB_FUN_SYSTEMPARAMETERSINFOFORDPI 0040abc0 f   VXH:winapi.obj
 0001:00009d80       _HB_FUN_SYSTEMPARAMETERSINFO 0040ad80 f   VXH:winapi.obj
 0001:00009f00       _HB_FUN_GETOBJECT          0040af00 f   VXH:winapi.obj
 0001:0000a010       _HB_FUN_CREATEFONTINDIRECT 0040b010 f   VXH:winapi.obj
 0001:0000a0a0       _HB_FUN_CHOOSEFONT         0040b0a0 f   VXH:winapi.obj
 0001:0000a1f0       _HB_FUN_GETSTOCKOBJECT     0040b1f0 f   VXH:winapi.obj
 0001:0000a210       _HB_FUN_GETCURSORPOS       0040b210 f   VXH:winapi.obj
 0001:0000a350       _HB_FUN_CREATERECTRGN      0040b350 f   VXH:winapi.obj
 0001:0000a3a0       _HB_FUN_GETDCEX            0040b3a0 f   VXH:winapi.obj
 0001:0000a3e0       _HB_FUN_PTINRECT           0040b3e0 f   VXH:winapi.obj
 0001:0000a520       _HB_FUN_RECTANGLE          0040b520 f   VXH:winapi.obj
 0001:0000a5a0       _HB_FUN_LINETO             0040b5a0 f   VXH:winapi.obj
 0001:0000a600       _HB_FUN_CREATEPEN          0040b600 f   VXH:winapi.obj
 0001:0000a640       _HB_FUN_MOVETOEX           0040b640 f   VXH:winapi.obj
 0001:0000a740       _HB_FUN_SETBKCOLOR         0040b740 f   VXH:winapi.obj
 0001:0000a770       _HB_FUN_GETBKCOLOR         0040b770 f   VXH:winapi.obj
 0001:0000a790       _HB_FUN_GETTEXTCOLOR       0040b790 f   VXH:winapi.obj
 0001:0000a7b0       _HB_FUN_SETTEXTALIGN       0040b7b0 f   VXH:winapi.obj
 0001:0000a7f0       _HB_FUN_POLYLINE           0040b7f0 f   VXH:winapi.obj
 0001:0000a900       _HB_FUN_EXTTEXTOUT         0040b900 f   VXH:winapi.obj
 0001:0000aaa0       _HB_FUN_DRAWFOCUSRECT      0040baa0 f   VXH:winapi.obj
 0001:0000ab60       _HB_FUN_FRAMERECT          0040bb60 f   VXH:winapi.obj
 0001:0000ac50       _HB_FUN_GETDEVICECAPS      0040bc50 f   VXH:winapi.obj
 0001:0000ac90       _HB_FUN_GETCLIPBOX         0040bc90 f   VXH:winapi.obj
 0001:0000ade0       _HB_FUN_DRAWFRAMECONTROL   0040bde0 f   VXH:winapi.obj
 0001:0000aec0       _HB_FUN_DRAWEDGE           0040bec0 f   VXH:winapi.obj
 0001:0000af90       _HB_FUN_TRANSMITCOMMCHAR   0040bf90 f   VXH:winapi.obj
 0001:0000afe0       _HB_FUN_GETCAPTURE         0040bfe0 f   VXH:winapi.obj
 0001:0000b000       _HB_FUN_DRAWSTATE          0040c000 f   VXH:winapi.obj
 0001:0000b0b0       _HB_FUN_DESTROYICON        0040c0b0 f   VXH:winapi.obj
 0001:0000b0f0       _HB_FUN_DRAWICONEX         0040c0f0 f   VXH:winapi.obj
 0001:0000b1a0       _HB_FUN_GETSUBMENU         0040c1a0 f   VXH:winapi.obj
 0001:0000b1d0       _HB_FUN_GETUSERNAME        0040c1d0 f   VXH:winapi.obj
 0001:0000b230       _HB_FUN_GLOBALMEMORYSTATUSEX 0040c230 f   VXH:winapi.obj
 0001:0000b310       _HB_FUN_GLOBALMEMORYSTATUS 0040c310 f   VXH:winapi.obj
 0001:0000b3d0       _HB_FUN_FORMATMESSAGE      0040c3d0 f   VXH:winapi.obj
 0001:0000b550       _HB_FUN_INFLATERECT        0040c550 f   VXH:winapi.obj
 0001:0000b650       _HB_FUN_ISCHILD            0040c650 f   VXH:winapi.obj
 0001:0000b6a0       _HB_FUN_GETCOMPUTERNAME    0040c6a0 f   VXH:winapi.obj
 0001:0000b6f0       _HB_FUN_GETPARENT          0040c6f0 f   VXH:winapi.obj
 0001:0000b710       _HB_FUN_GETDLGCTRLID       0040c710 f   VXH:winapi.obj
 0001:0000b740       _HB_FUN_MESSAGEBEEP        0040c740 f   VXH:winapi.obj
 0001:0000b7b0       _HB_FUN_SETCLIPBOARDDATA   0040c7b0 f   VXH:winapi.obj
 0001:0000b7e0       _HB_FUN_ISCLIPBOARDFORMATAVAILABLE 0040c7e0 f   VXH:winapi.obj
 0001:0000b820       _HB_FUN_REGISTERCLIPBOARDFORMAT 0040c820 f   VXH:winapi.obj
 0001:0000b850       _HB_FUN_GETCLIPBOARDDATA   0040c850 f   VXH:winapi.obj
 0001:0000b8a0       _HB_FUN_CLOSECLIPBOARD     0040c8a0 f   VXH:winapi.obj
 0001:0000b8d0       _HB_FUN_SETPROP            0040c8d0 f   VXH:winapi.obj
 0001:0000b930       _HB_FUN_REMOVEPROP         0040c930 f   VXH:winapi.obj
 0001:0000b960       _HB_FUN_GETPROP            0040c960 f   VXH:winapi.obj
 0001:0000b990       _HB_FUN_ENDDIALOG          0040c990 f   VXH:winapi.obj
 0001:0000b9e0       _HB_FUN_LOADRESOURCE       0040c9e0 f   VXH:winapi.obj
 0001:0000ba10       _HB_FUN_LOCKRESOURCE       0040ca10 f   VXH:winapi.obj
 0001:0000ba40       _HB_FUN_UNLOCKRESOURCE     0040ca40 f   VXH:winapi.obj
 0001:0000ba60       _HB_FUN_FREERESOURCE       0040ca60 f   VXH:winapi.obj
 0001:0000ba80       _HB_FUN_FINDRESOURCE       0040ca80 f   VXH:winapi.obj
 0001:0000bac0       _HB_FUN_FINDRESOURCEEX     0040cac0 f   VXH:winapi.obj
 0001:0000bb10       _HB_FUN_SYSNONCLIENTMETRICS 0040cb10 f   VXH:winapi.obj
 0001:0000bc60       _HB_FUN_DEFWINDOWPROCADDRESS 0040cc60 f   VXH:winapi.obj
 0001:0000bc80       _HB_FUN_DEFFRAMEPROCADDRESS 0040cc80 f   VXH:winapi.obj
 0001:0000bca0       _HB_FUN_DEFMDICHILDPROCADDRESS 0040cca0 f   VXH:winapi.obj
 0001:0000bcc0       _HB_FUN_GETASYNCKEYSTATE   0040ccc0 f   VXH:winapi.obj
 0001:0000bd00       _HB_FUN_SCROLLWINDOWEX     0040cd00 f   VXH:winapi.obj
 0001:0000bf20       _HB_FUN_DRAWICON           0040cf20 f   VXH:winapi.obj
 0001:0000bf90       _HB_FUN_GETOPENFILENAME    0040cf90 f   VXH:winapi.obj
 0001:0000c090       _HB_FUN_GETSAVEFILENAME    0040d090 f   VXH:winapi.obj
 0001:0000c190       _HB_FUN_WINEXEC            0040d190 f   VXH:winapi.obj
 0001:0000c1d0       _HB_FUN_SHELLEXECUTE       0040d1d0 f   VXH:winapi.obj
 0001:0000c240       _HB_FUN_GETLOGICALDRIVESTRINGS 0040d240 f   VXH:winapi.obj
 0001:0000c270       _HB_FUN_COPYFILE           0040d270 f   VXH:winapi.obj
 0001:0000c2d0       _HB_FUN_WRITEFILE          0040d2d0 f   VXH:winapi.obj
 0001:0000c340       _HB_FUN_READFILE           0040d340 f   VXH:winapi.obj
 0001:0000c430       _HB_FUN_CANCELIO           0040d430 f   VXH:winapi.obj
 0001:0000c470       _HB_FUN_FLUSHFILEBUFFERS   0040d470 f   VXH:winapi.obj
 0001:0000c4b0       _HB_FUN_COPYFILEEX         0040d4b0 f   VXH:winapi.obj
 0001:0000c520       _HB_FUN_SETROP2            0040d520 f   VXH:winapi.obj
 0001:0000c560       _HB_FUN_CREATEBITMAP       0040d560 f   VXH:winapi.obj
 0001:0000c5c0       _HB_FUN_BITBLT             0040d5c0 f   VXH:winapi.obj
 0001:0000c670       _HB_FUN_MASKBLT            0040d670 f   VXH:winapi.obj
 0001:0000c750       _HB_FUN_TRANSPARENTBLT     0040d750 f   VXH:winapi.obj
 0001:0000c820       _HB_FUN_PATBLT             0040d820 f   VXH:winapi.obj
 0001:0000c8b0       _HB_FUN_CHECKRADIOBUTTON   0040d8b0 f   VXH:winapi.obj
 0001:0000c920       _HB_FUN_GETPROCADDRESS     0040d920 f   VXH:winapi.obj
 0001:0000c950       _HB_FUN_LOADLIBRARYEX      0040d950 f   VXH:winapi.obj
 0001:0000c990       _HB_FUN_WINDOWFROMPOINT    0040d990 f   VXH:winapi.obj
 0001:0000ca20       _HB_FUN_CHILDWINDOWFROMPOINT 0040da20 f   VXH:winapi.obj
 0001:0000cac0       _HB_FUN_REALCHILDWINDOWFROMPOINT 0040dac0 f   VXH:winapi.obj
 0001:0000cb90       _HB_FUN_CHILDWINDOWFROMPOINTEX 0040db90 f   VXH:winapi.obj
 0001:0000cc50       _HB_FUN_INVERTRECT         0040dc50 f   VXH:winapi.obj
 0001:0000cd20       _HB_FUN_SETDLGITEMINT      0040dd20 f   VXH:winapi.obj
 0001:0000cd90       _HB_FUN_SETDLGITEMTEXT     0040dd90 f   VXH:winapi.obj
 0001:0000cdd0       _HB_FUN_GETDLGITEMTEXT     0040ddd0 f   VXH:winapi.obj
 0001:0000cea0       _HB_FUN_DPTOLP             0040dea0 f   VXH:winapi.obj
 0001:0000cfa0       _HB_FUN_LPTODP             0040dfa0 f   VXH:winapi.obj
 0001:0000d0a0       _HB_FUN_GETMESSAGEPOS      0040e0a0 f   VXH:winapi.obj
 0001:0000d0c0       _HB_FUN_SHAPPBARMESSAGE    0040e0c0 f   VXH:winapi.obj
 0001:0000d1f0       _HB_FUN_CREATECOMPATIBLEBITMAP 0040e1f0 f   VXH:winapi.obj
 0001:0000d230       _HB_FUN_ENABLEMENUITEM     0040e230 f   VXH:winapi.obj
 0001:0000d290       _HB_FUN_LOADMENU           0040e290 f   VXH:winapi.obj
 0001:0000d2c0       _HB_FUN_CHECKDLGBUTTON     0040e2c0 f   VXH:winapi.obj
 0001:0000d320       _HB_FUN_ISDLGBUTTONCHECKED 0040e320 f   VXH:winapi.obj
 0001:0000d350       _HB_FUN_SHILCREATEFROMPATH 0040e350 f   VXH:winapi.obj
 0001:0000d3f0       _HB_FUN_SHGETFOLDERPATH    0040e3f0 f   VXH:winapi.obj
 0001:0000d530       _HB_FUN_SHGETFOLDERPATHANDSUBDIR 0040e530 f   VXH:winapi.obj
 0001:0000d6a0       _HB_FUN_REGISTERWINDOWMESSAGE 0040e6a0 f   VXH:winapi.obj
 0001:0000d6d0       _HB_FUN_ISICONIC           0040e6d0 f   VXH:winapi.obj
 0001:0000d710       _HB_FUN_SENDMESSAGECALLBACK 0040e710 f   VXH:winapi.obj
 0001:0000d780       _HB_FUN_CHECKMENUITEM      0040e780 f   VXH:winapi.obj
 0001:0000d7c0       _HB_FUN_SETMENUITEMBITMAPS 0040e7c0 f   VXH:winapi.obj
 0001:0000d840       _HB_FUN_ENUMCHILDWINDOWS   0040e840 f   VXH:winapi.obj
 0001:0000d8a0       _HB_FUN_GETWINDOW          0040e8a0 f   VXH:winapi.obj
 0001:0000d8d0       _HB_FUN_GETDIALOGBASEUNITS 0040e8d0 f   VXH:winapi.obj
 0001:0000d8f0       _HB_FUN_OLEINITIALIZE      0040e8f0 f   VXH:winapi.obj
 0001:0000d910       _HB_FUN_OLEUNINITIALIZE    0040e910 f   VXH:winapi.obj
 0001:0000d920       _HB_FUN_COINITIALIZE       0040e920 f   VXH:winapi.obj
 0001:0000d940       _HB_FUN_KEYBD_EVENT        0040e940 f   VXH:winapi.obj
 0001:0000d980       _HB_FUN_GETDLGITEMINT      0040e980 f   VXH:winapi.obj
 0001:0000da30       _HB_FUN_SETCURSORPOS       0040ea30 f   VXH:winapi.obj
 0001:0000da80       _HB_FUN_GETTICKCOUNT       0040ea80 f   VXH:winapi.obj
 0001:0000daa0       _HB_FUN_MAPDIALOGRECT      0040eaa0 f   VXH:winapi.obj
 0001:0000dc00       _HB_FUN_SLEEP              0040ec00 f   VXH:winapi.obj
 0001:0000dc20       _HB_FUN_SETMENUINFO        0040ec20 f   VXH:winapi.obj
 0001:0000dce0       _HB_FUN_GETMENUINFO        0040ece0 f   VXH:winapi.obj
 0001:0000de20       _HB_FUN_FINDWINDOW         0040ee20 f   VXH:winapi.obj
 0001:0000de50       _HB_FUN_ENUMDISPLAYMONITORS 0040ee50 f   VXH:winapi.obj
 0001:0000dec0       _HB_FUN_MONITORFROMWINDOW  0040eec0 f   VXH:winapi.obj
 0001:0000def0       _HB_FUN_MONITORFROMPOINT   0040eef0 f   VXH:winapi.obj
 0001:0000df90       _HB_FUN_MONITORFROMRECT    0040ef90 f   VXH:winapi.obj
 0001:0000e030       _HB_FUN_GETMENUITEMRECT    0040f030 f   VXH:winapi.obj
 0001:0000e190       _HB_FUN_GETMONITORINFO     0040f190 f   VXH:winapi.obj
 0001:0000e2e0       _HB_FUN_CREATEDIBITMAP     0040f2e0 f   VXH:winapi.obj
 0001:0000e3e0       _HB_FUN_GETWINDOWLONGPTR   0040f3e0 f   VXH:winapi.obj
 0001:0000e410       _HB_FUN_SETWINDOWLONGPTR   0040f410 f   VXH:winapi.obj
 0001:0000e450       _HB_FUN_INITIALIZEFLATSB   0040f450 f   VXH:winapi.obj
 0001:0000e490       _HB_FUN_FLATSB_SETSCROLLPROP 0040f490 f   VXH:winapi.obj
 0001:0000e500       _HB_FUN_FLATSB_ENABLESCROLLBAR 0040f500 f   VXH:winapi.obj
 0001:0000e560       _HB_FUN_FLATSB_SHOWSCROLLBAR 0040f560 f   VXH:winapi.obj
 0001:0000e5c0       _HB_FUN_SWITCHTOTHISWINDOW 0040f5c0 f   VXH:winapi.obj
 0001:0000e620       _HB_FUN_OPENFILE           0040f620 f   VXH:winapi.obj
 0001:0000e770       _HB_FUN_CLIPCURSOR         0040f770 f   VXH:winapi.obj
 0001:0000e860       _HB_FUN_ENUMPROPS          0040f860 f   VXH:winapi.obj
 0001:0000e8a0       _HB_FUN_REMOVEMENU         0040f8a0 f   VXH:winapi.obj
 0001:0000e900       _HB_FUN_GETMENUSTATE       0040f900 f   VXH:winapi.obj
 0001:0000e940       _HB_FUN_NETGROUPGETUSERS   0040f940 f   VXH:winapi.obj
 0001:0000eb30       _HB_FUN_NETGROUPENUM       0040fb30 f   VXH:winapi.obj
 0001:0000ecf0       _HB_FUN_NETUSERGETLOCALGROUPS 0040fcf0 f   VXH:winapi.obj
 0001:0000eef0       _HB_FUN_BEGINUPDATERESOURCE 0040fef0 f   VXH:winapi.obj
 0001:0000ef20       _HB_FUN_UPDATERESOURCE     0040ff20 f   VXH:winapi.obj
 0001:0000efb0       _HB_FUN_ENDUPDATERESOURCE  0040ffb0 f   VXH:winapi.obj
 0001:0000efe0       _HB_FUN_SIZEOFRESOURCE     0040ffe0 f   VXH:winapi.obj
 0001:0000f010       _HB_FUN_REMOVEFONTRESOURCE 00410010 f   VXH:winapi.obj
 0001:0000f040       _HB_FUN_ADDFONTRESOURCE    00410040 f   VXH:winapi.obj
 0001:0000f070       _HB_FUN_GETTEMPFILENAME    00410070 f   VXH:winapi.obj
 0001:0000f120       _HB_FUN_MOVEFILE           00410120 f   VXH:winapi.obj
 0001:0000f170       _HB_FUN_MOVEFILEEX         00410170 f   VXH:winapi.obj
 0001:0000f1d0       _HB_FUN_DLLREGISTERSERVER  004101d0 f   VXH:winapi.obj
 0001:0000f230       _HB_FUN_DLLUNREGISTERSERVER 00410230 f   VXH:winapi.obj
 0001:0000f290       _HB_FUN_ANIMATEWINDOW      00410290 f   VXH:winapi.obj
 0001:0000f2f0       _HB_FUN_SETMAPMODE         004102f0 f   VXH:winapi.obj
 0001:0000f330       _HB_FUN_IMAGELISTGETIMAGEINFO 00410330 f   VXH:winapi.obj
 0001:0000f480       _HB_FUN_GETMAPMODE         00410480 f   VXH:winapi.obj
 0001:0000f4b0       _HB_FUN_SETLAYEREDWINDOWATTRIBUTES 004104b0 f   VXH:winapi.obj
 0001:0000f520       _HB_FUN_DIALOGBOX          00410520 f   VXH:winapi.obj
 0001:0000f580       _HB_FUN_DIALOGBOXINDIRECT  00410580 f   VXH:winapi.obj
 0001:0000f660       _HB_FUN_CREATEDIALOG       00410660 f   VXH:winapi.obj
 0001:0000f6d0       _HB_FUN_CREATEDIALOGINDIRECT 004106d0 f   VXH:winapi.obj
 0001:0000f790       _HB_FUN_REGOPENKEYEX       00410790 f   VXH:winapi.obj
 0001:0000f800       _HB_FUN_REGCLOSEKEY        00410800 f   VXH:winapi.obj
 0001:0000f820       _HB_FUN_REGENUMKEY         00410820 f   VXH:winapi.obj
 0001:0000f8a0       _HB_FUN_PROGIDFROMCLASSID  004108a0 f   VXH:winapi.obj
 0001:0000f9a0       _HB_FUN_CLASSIDFROMPROGID  004109a0 f   VXH:winapi.obj
 0001:0000faf0       _HB_FUN_CLASSIDFROMSTRING  00410af0 f   VXH:winapi.obj
 0001:0000fc30       _HB_FUN_STRINGFROMCLASSID  00410c30 f   VXH:winapi.obj
 0001:0000fd20       _HB_FUN_MAKEINTRESOURCE    00410d20 f   VXH:winapi.obj
 0001:0000fd50       _HB_FUN_GETSHORTPATHNAME   00410d50 f   VXH:winapi.obj
 0001:0000fe00       _HB_FUN_GETPROFILESECTION  00410e00 f   VXH:winapi.obj
 0001:0000fed0       _HB_FUN_GETPRIVATEPROFILESECTION 00410ed0 f   VXH:winapi.obj
 0001:0000ffb0       _HB_FUN_SHELL_NOTIFYICON   00410fb0 f   VXH:winapi.obj
 0001:00010070       _HB_FUN_MESSAGEBOX         00411070 f   VXH:winapi.obj
 0001:000100d0       _HB_FUN_OEMTOCHAR          004110d0 f   VXH:winapi.obj
 0001:00010150       _HB_FUN_WINAPIVER          00411150 f   VXH:winapi.obj
 0001:00010170       _HB_FUN_HILITEMENUITEM     00411170 f   VXH:winapi.obj
 0001:000101e0       _HB_FUN_ENDMENU            004111e0 f   VXH:winapi.obj
 0001:00010210       _HB_FUN_UNREALIZEOBJECT    00411210 f   VXH:winapi.obj
 0001:00010250       _HB_FUN_SETVIEWPORTEXTEX   00411250 f   VXH:winapi.obj
 0001:000103b0       _HB_FUN_SETBRUSHORGEX      004113b0 f   VXH:winapi.obj
 0001:00010540       _HB_FUN_REGISTERHOTKEY     00411540 f   VXH:winapi.obj
 0001:000105b0       _HB_FUN_GETDCBRUSHCOLOR    004115b0 f   VXH:winapi.obj
 0001:00010600       _HB_FUN_REGQUERYVALUEEX    00411600 f   VXH:winapi.obj
 0001:00010720       _HB_FUN_REGENUMKEYEX       00411720 f   VXH:winapi.obj
 0001:000107e0       _HB_FUN_REGENUMVALUE       004117e0 f   VXH:winapi.obj
 0001:000108f0       _HB_FUN_REGSETVALUEEX      004118f0 f   VXH:winapi.obj
 0001:000109a0       _HB_FUN_REGCREATEKEY       004119a0 f   VXH:winapi.obj
 0001:000109f0       _HB_FUN_REGCREATEKEYEX     004119f0 f   VXH:winapi.obj
 0001:00010a60       _HB_FUN_REGDELETEKEY       00411a60 f   VXH:winapi.obj
 0001:00010a90       _HB_FUN_REGDELETEVALUE     00411a90 f   VXH:winapi.obj
 0001:00010ac0       _HB_FUN_ENUMFONTFAMILIES   00411ac0 f   VXH:winapi.obj
 0001:00010b90       _HB_FUN_ENUMFONTS          00411b90 f   VXH:winapi.obj
 0001:00010c60       _HB_FUN_SNDPLAYSOUND       00411c60 f   VXH:winapi.obj
 0001:00010ce0       _HB_FUN_GRADIENTFILL       00411ce0 f   VXH:winapi.obj
 0001:00010f30       _HB_FUN_FILLGRADIENT       00411f30 f   VXH:winapi.obj
 0001:00011160       _HB_FUN_SAVEDC             00412160 f   VXH:winapi.obj
 0001:00011190       _HB_FUN_RESTOREDC          00412190 f   VXH:winapi.obj
 0001:000111e0       _HB_FUN_OPENPROCESSTOKEN   004121e0 f   VXH:winapi.obj
 0001:00011240       _HB_FUN_LOOKUPPRIVILEGEVALUE 00412240 f   VXH:winapi.obj
 0001:00011390       _HB_FUN_ADJUSTTOKENPRIVILEGES 00412390 f   VXH:winapi.obj
 0001:00011570       _HB_FUN_EXITWINDOWSEX      00412570 f   VXH:winapi.obj
 0001:00011600       _HB_FUN_GETCURRENTPROCESS  00412600 f   VXH:winapi.obj
 0001:00011620       _HB_FUN_INITIATESYSTEMSHUTDOWN 00412620 f   VXH:winapi.obj
 0001:000116e0       _HB_FUN_GETSYSTEMDIRECTORY 004126e0 f   VXH:winapi.obj
 0001:00011730       _HB_FUN_EXTRACTICON        00412730 f   VXH:winapi.obj
 0001:00011770       _HB_FUN_EXTRACTASSOCIATEDICON 00412770 f   VXH:winapi.obj
 0001:000117b0       _HB_FUN_OPENSCMANAGER      004127b0 f   VXH:winapi.obj
 0001:000117f0       _HB_FUN_OPENSERVICE        004127f0 f   VXH:winapi.obj
 0001:00011830       _HB_FUN_CLOSESERVICEHANDLE 00412830 f   VXH:winapi.obj
 0001:00011870       _StopService               00412870 f   VXH:winapi.obj
 0001:00011bb0       _HB_FUN_STARTSERVICE       00412bb0 f   VXH:winapi.obj
 0001:00011bf0       _HB_FUN_STOPSERVICE        00412bf0 f   VXH:winapi.obj
 0001:00011c40       _HB_FUN_CREATESERVICE      00412c40 f   VXH:winapi.obj
 0001:00011d20       _HB_FUN_DELETESERVICE      00412d20 f   VXH:winapi.obj
 0001:00011d40       _HB_FUN_REGISTERSERVICECTRLHANDLER 00412d40 f   VXH:winapi.obj
 0001:00011d70       _HB_FUN_SETSERVICESTATUS   00412d70 f   VXH:winapi.obj
 0001:00011e30       _HB_FUN_SETEVENT           00412e30 f   VXH:winapi.obj
 0001:00011e70       _HB_FUN_CREATEEVENT        00412e70 f   VXH:winapi.obj
 0001:00011f40       _HB_FUN_WSACREATEEVENT     00412f40 f   VXH:winapi.obj
 0001:00011f60       _HB_FUN_WSAWAITFORMULTIPLEEVENTS 00412f60 f   VXH:winapi.obj
 0001:00011fd0       _HB_FUN_WAITFORSINGLEOBJECT 00412fd0 f   VXH:winapi.obj
 0001:00012000       _HB_FUN_BEEP               00413000 f   VXH:winapi.obj
 0001:00012050       _HB_FUN_CLOSEHANDLE        00413050 f   VXH:winapi.obj
 0001:00012090       _HB_FUN_RUNSERVICE         00413090 f   VXH:winapi.obj
 0001:000120f0       _HB_FUN_ENDTASK            004130f0 f   VXH:winapi.obj
 0001:00012170       _HB_FUN_SENDMESSAGETIMEOUT 00413170 f   VXH:winapi.obj
 0001:000121f0       _HB_FUN_ISHUNGAPPWINDOW    004131f0 f   VXH:winapi.obj
 0001:00012260       _HB_FUN_DRAWCAPTION        00413260 f   VXH:winapi.obj
 0001:00012350       _HB_FUN_PRINTDLG           00413350 f   VXH:winapi.obj
 0001:00012450       _HB_FUN_PAGESETUPDLG       00413450 f   VXH:winapi.obj
 0001:00012640       _HB_FUN_COMMDLGEXTENDEDERROR 00413640 f   VXH:winapi.obj
 0001:00012660       _HB_FUN_GLOBALLOCK         00413660 f   VXH:winapi.obj
 0001:00012680       _HB_FUN_GLOBALUNLOCK       00413680 f   VXH:winapi.obj
 0001:000126c0       _HB_FUN_GLOBALFREE         004136c0 f   VXH:winapi.obj
 0001:000126e0       _HB_FUN_ENUMRESOURCETYPES  004136e0 f   VXH:winapi.obj
 0001:00012740       _HB_FUN_COPYIMAGE          00413740 f   VXH:winapi.obj
 0001:000127a0       _HB_FUN_MAPISENDDOCUMENTS  004137a0 f   VXH:winapi.obj
 0001:00012860       _HB_FUN_MAPILOGON          00413860 f   VXH:winapi.obj
 0001:00012950       _HB_FUN_MAPILOGOFF         00413950 f   VXH:winapi.obj
 0001:00012a00       _HB_FUN_MAPISENDMAIL       00413a00 f   VXH:winapi.obj
 0001:00012bc0       _HB_FUN_HTMLHELP           00413bc0 f   VXH:winapi.obj
 0001:00012c40       _HB_FUN_GETLOCALTIME       00413c40 f   VXH:winapi.obj
 0001:00012d60       _HB_FUN_GETSYSTEMTIME      00413d60 f   VXH:winapi.obj
 0001:00012e80       _EnablePrivilege           00413e80 f   VXH:winapi.obj
 0001:00012f10       _DisablePrivilege          00413f10 f   VXH:winapi.obj
 0001:00012fa0       _HB_FUN_SETSYSTEMTIME      00413fa0 f   VXH:winapi.obj
 0001:00013090       _HB_FUN_CREATEFILE         00414090 f   VXH:winapi.obj
 0001:000131c0       _HB_FUN_SETCOMMSTATE       004141c0 f   VXH:winapi.obj
 0001:00013290       _HB_FUN_SETCOMMTIMEOUTS    00414290 f   VXH:winapi.obj
 0001:00013360       _HB_FUN_GETCOMMSTATE       00414360 f   VXH:winapi.obj
 0001:000134c0       _HB_FUN_PURGECOMM          004144c0 f   VXH:winapi.obj
 0001:00013510       _HB_FUN_WAITCOMMEVENT      00414510 f   VXH:winapi.obj
 0001:000135f0       _HB_FUN_MAPVIRTUALKEY      004145f0 f   VXH:winapi.obj
 0001:00013630       _HB_FUN_SETDEFAULTPRINTER  00414630 f   VXH:winapi.obj
 0001:00013650       _HB_FUN_OLEUIINSERTOBJECT  00414650 f   VXH:winapi.obj
 0001:000136f0       _HB_FUN_FINDFIRSTFILE      004146f0 f   VXH:winapi.obj
 0001:00013850       _HB_FUN_GETPIXEL           00414850 f   VXH:winapi.obj
 0001:00013890       _HB_FUN_SETPIXEL           00414890 f   VXH:winapi.obj
 0001:000138e0       _HB_FUN_UPDATECOLORS       004148e0 f   VXH:winapi.obj
 0001:00013920       _HB_FUN_SELECTPALETTE      00414920 f   VXH:winapi.obj
 0001:00013960       _HB_FUN_CREATEHALFTONEPALETTE 00414960 f   VXH:winapi.obj
 0001:00013980       _HB_FUN_REALIZEPALETTE     00414980 f   VXH:winapi.obj
 0001:000139a0       _HB_FUN_RESIZEPALETTE      004149a0 f   VXH:winapi.obj
 0001:000139f0       _HB_FUN_GETNEARESTCOLOR    004149f0 f   VXH:winapi.obj
 0001:00013a20       _HB_FUN_GETNEARESTPALETTEINDEX 00414a20 f   VXH:winapi.obj
 0001:00013a50       _HB_FUN_ANIMATEPALETTE     00414a50 f   VXH:winapi.obj
 0001:00013b30       _HB_FUN_CREATEPALETTE      00414b30 f   VXH:winapi.obj
 0001:00013bd0       _HB_FUN_GETDCPENCOLOR      00414bd0 f   VXH:winapi.obj
 0001:00013c00       _HB_FUN_SETENVIRONMENTVARIABLE 00414c00 f   VXH:winapi.obj
 0001:00013c50       _HB_FUN_SHGETFILEINFO      00414c50 f   VXH:winapi.obj
 0001:00013db0       _GetIdListFromPath         00414db0 f   VXH:winapi.obj
 0001:00013e40       _HB_FUN_REGISTERNOTIFYFOLDERID 00414e40 f   VXH:winapi.obj
 0001:00013ea0       _HB_FUN_REGISTERNOTIFY     00414ea0 f   VXH:winapi.obj
 0001:00013f20       _HB_FUN_UNREGISTERNOTIFY   00414f20 f   VXH:winapi.obj
 0001:00013f40       _HB_FUN_DRAGACCEPTFILES    00414f40 f   VXH:winapi.obj
 0001:00013f70       _HB_FUN_DRAGFINISH         00414f70 f   VXH:winapi.obj
 0001:00013f90       _HB_FUN_DRAGQUERYPOINT     00414f90 f   VXH:winapi.obj
 0001:000140e0       _HB_FUN_DRAGQUERYFILE      004150e0 f   VXH:winapi.obj
 0001:00014200       _HB_FUN_CAPCREATECAPTUREWINDOW 00415200 f   VXH:winapi.obj
 0001:000142a0       _HB_FUN_FILETIMETOSYSTEMTIME 004152a0 f   VXH:winapi.obj
 0001:00014440       _HB_FUN_INTERNETGETLASTRESPONSEINFO 00415440 f   VXH:winapi.obj
 0001:000144b0       _HB_FUN_INTERNETDIAL       004154b0 f   VXH:winapi.obj
 0001:00014520       _HB_FUN_INTERNETGETCONNECTEDSTATE 00415520 f   VXH:winapi.obj
 0001:00014570       _HB_FUN_INTERNETOPEN       00415570 f   VXH:winapi.obj
 0001:000145d0       _HB_FUN_INTERNETCONNECT    004155d0 f   VXH:winapi.obj
 0001:00014660       _HB_FUN_FTPOPENFILE        00415660 f   VXH:winapi.obj
 0001:000146c0       _HB_FUN_INTERNETWRITEFILE  004156c0 f   VXH:winapi.obj
 0001:00014740       _HB_FUN_INTERNETREADFILE   00415740 f   VXH:winapi.obj
 0001:000147e0       _HB_FUN_FTPCOMMAND         004157e0 f   VXH:winapi.obj
 0001:000148c0       _HB_FUN_FTPFINDFIRSTFILE   004158c0 f   VXH:winapi.obj
 0001:00014a40       _HB_FUN_INTERNETFINDNEXTFILE 00415a40 f   VXH:winapi.obj
 0001:00014bb0       _HB_FUN_FTPGETFILE         00415bb0 f   VXH:winapi.obj
 0001:00014c40       _HB_FUN_FTPPUTFILE         00415c40 f   VXH:winapi.obj
 0001:00014cc0       _HB_FUN_FTPCREATEDIRECTORY 00415cc0 f   VXH:winapi.obj
 0001:00014d10       _HB_FUN_FTPREMOVEDIRECTORY 00415d10 f   VXH:winapi.obj
 0001:00014d60       _HB_FUN_FTPDELETEFILE      00415d60 f   VXH:winapi.obj
 0001:00014db0       _HB_FUN_FTPRENAMEFILE      00415db0 f   VXH:winapi.obj
 0001:00014e10       _HB_FUN_FTPGETCURRENTDIRECTORY 00415e10 f   VXH:winapi.obj
 0001:00014e90       _HB_FUN_FTPSETCURRENTDIRECTORY 00415e90 f   VXH:winapi.obj
 0001:00014ee0       _HB_FUN_INTERNETCLOSEHANDLE 00415ee0 f   VXH:winapi.obj
 0001:00014f20       _HB_FUN_INTERNETATTEMPTCONNECT 00415f20 f   VXH:winapi.obj
 0001:00014f40       _InternetStatusCallback@20 00415f40 f   VXH:winapi.obj
 0001:00014fd0       _HB_FUN_INTERNETSETSTATUSCALLBACK 00415fd0 f   VXH:winapi.obj
 0001:00015000       _HB_FUN_INTERNETSETTIMEOUT 00416000 f   VXH:winapi.obj
 0001:00015060       _HB_FUN_GETPERFORMANCEINFO 00416060 f   VXH:winapi.obj
 0001:000151b0       _HB_FUN_GETVERSIONINFO     004161b0 f   VXH:winapi.obj
 0001:00015340       _HB_FUN_GETFILEINFORMATIONBYHANDLE 00416340 f   VXH:winapi.obj
 0001:00015490       _HB_FUN_FILETIMETODOSDATETIME 00416490 f   VXH:winapi.obj
 0001:00015570       _HB_FUN_CLEARCOMMERROR     00416570 f   VXH:winapi.obj
 0001:000156e0       _HB_FUN_GETCOMMMODEMSTATUS 004166e0 f   VXH:winapi.obj
 0001:00015730       _HB_FUN_GETCOMMPROPERTIES  00416730 f   VXH:winapi.obj
 0001:00015890       _HB_FUN_ESCAPECOMMFUNCTION 00416890 f   VXH:winapi.obj
 0001:000158e0       _HB_FUN_GETKEYNAMETEXT     004168e0 f   VXH:winapi.obj
 0001:00015970       _HB_FUN_VKKEYSCAN          00416970 f   VXH:winapi.obj
 0001:000159a0       _HB_FUN_OEMKEYSCAN         004169a0 f   VXH:winapi.obj
 0001:000159c0       _HB_FUN_TOASCII            004169c0 f   VXH:winapi.obj
 0001:00015a50       _HB_FUN_ALPHABLEND         00416a50 f   VXH:winapi.obj
 0001:00015ba0       _HB_FUN_GETHOSTBYNAME      00416ba0 f   VXH:winapi.obj
 0001:00015bd0       _HB_FUN_URLGETPART         00416bd0 f   VXH:winapi.obj
 0001:00015c40       _HB_FUN_GETQUEUESTATUS     00416c40 f   VXH:winapi.obj
 0001:00015c60       _HB_FUN_WAITMESSAGE        00416c60 f   VXH:winapi.obj
 0001:00015c90       _HB_FUN_DWMENABLEBLURBEHINDWINDOW 00416c90 f   VXH:winapi.obj
 0001:00015d40       _HB_FUN_DWMEXTENDFRAMEINTOCLIENTAREA 00416d40 f   VXH:winapi.obj
 0001:00015e10       _HB_FUN_DWMGETCOLORIZATIONCOLOR 00416e10 f   VXH:winapi.obj
 0001:00015e80       _HB_FUN_DWMISCOMPOSITIONENABLED 00416e80 f   VXH:winapi.obj
 0001:00015ed0       _HB_FUN_INVALIDATERGN      00416ed0 f   VXH:winapi.obj
 0001:00015f30       _HB_FUN_SHFILEOPERATION    00416f30 f   VXH:winapi.obj
 0001:00016060       _HB_FUN_CREATEUUID         00417060 f   VXH:winapi.obj
 0001:000160a0       _HB_FUN_QUERYSERVICESTATUS 004170a0 f   VXH:winapi.obj
 0001:000161d0       _HB_FUN_QUERYSERVICECONFIG 004171d0 f   VXH:winapi.obj
 0001:00016370       _HB_FUN_QUERYSERVICECONFIG2 00417370 f   VXH:winapi.obj
 0001:00016500       _HB_FUN_CHANGESERVICEDESCRIPTION 00417500 f   VXH:winapi.obj
 0001:00016530       _HB_FUN_SHELLEXECUTEEX     00417530 f   VXH:winapi.obj
 0001:00016670       _HB_FUN_SETSTRETCHBLTMODE  00417670 f   VXH:winapi.obj
 0001:000166b0       _HB_FUN_STRETCHDIBITS      004176b0 f   VXH:winapi.obj
 0001:00016990       _HB_FUN_OLEGETICONOFCLASS  00417990 f   VXH:winapi.obj
 0001:00016a00       _HB_FUN_IMAGELISTDRAWINDIRECT 00417a00 f   VXH:winapi.obj
 0001:00016aa0       _HB_FUN_SETDCBRUSHCOLOR    00417aa0 f   VXH:winapi.obj
 0001:00016ad0       _HB_FUN_SHOWSCROLLBAR      00417ad0 f   VXH:winapi.obj
 0001:00016b30       _HB_FUN_ENABLESCROLLBAR    00417b30 f   VXH:winapi.obj
 0001:00016b90       _HB_FUN_GETUSERDEFAULTUILANGUAGE 00417b90 f   VXH:winapi.obj
 0001:00016bb0       _HB_FUN_GETSYSTEMDEFAULTUILANGUAGE 00417bb0 f   VXH:winapi.obj
 0001:00016bd0       _HB_FUN_XGRADIENTFILL      00417bd0 f   VXH:winapi.obj
 0001:00016e60       _HB_FUN_GETCURRENTDIRECTORY 00417e60 f   VXH:winapi.obj
 0001:00016eb0       _HB_FUN_SETCURRENTDIRECTORY 00417eb0 f   VXH:winapi.obj
 0001:00016ef0       _HB_FUN_REMOVEDIRECTORY    00417ef0 f   VXH:winapi.obj
 0001:00016f30       _HB_FUN_MAKEWPARAM         00417f30 f   VXH:winapi.obj
 0001:00016f70       _HB_FUN_UNICODETOSTRING    00417f70 f   VXH:winapi.obj
 0001:00016fe0       _HB_FUN_EXTFLOODFILL       00417fe0 f   VXH:winapi.obj
 0001:00017060       _HB_FUN_FLOODFILL          00418060 f   VXH:winapi.obj
 0001:000170d0       _HB_FUN_CREATEPOLYGONRGN   004180d0 f   VXH:winapi.obj
 0001:000171c0       _HB_FUN_FILLRGN            004181c0 f   VXH:winapi.obj
 0001:00017220       _HB_FUN_GETCOMBOBOXINFO    00418220 f   VXH:winapi.obj
 0001:000173a0       _HB_FUN_SHOWCURSOR         004183a0 f   VXH:winapi.obj
 0001:000173e0       _HB_FUN_CERTIFICATEDIALOG  004183e0 f   VXH:winapi.obj
 0001:000174e0       _Array2Button              004184e0 f   VXH:winapi.obj
 0001:00017540       _HB_FUN_TASKDIALOGINDIRECT 00418540 f   VXH:winapi.obj
 0001:00017760       _HB_FUN_MULTIBYTETOWIDECHAR 00418760 f   VXH:winapi.obj
 0001:00017800       _HB_FUN_CHANGESERVICECONFIG 00418800 f   VXH:winapi.obj
 0001:00017a10       _HB_FUN_REPLACETEXT        00418a10 f   VXH:winapi.obj
 0001:00017aa0       _HB_FUN_FINDTEXT           00418aa0 f   VXH:winapi.obj
 0001:00017b30       _HB_FUN_ROUNDRECT          00418b30 f   VXH:winapi.obj
 0001:00017bc0       _MainProcFunction@16       00418bc0 f   VXH:winapi.obj
 0001:00017c40       _HB_FUN_VXH_CALLBACK       00418c40 f   VXH:winapi.obj
 0001:00017c60       _HB_FUN_VXH_SUBCLASS       00418c60 f   VXH:winapi.obj
 0001:00017cb0       _HB_FUN_GETSCROLLPOS       00418cb0 f   VXH:winapi.obj
 0001:00017cf0       _HB_FUN_SETSCROLLPOS       00418cf0 f   VXH:winapi.obj
 0001:00017d50       _HB_FUN_REGDISABLEREFLECTIONKEY 00418d50 f   VXH:winapi.obj
 0001:00017db0       _HB_FUN_REGENABLEREFLECTIONKEY 00418db0 f   VXH:winapi.obj
 0001:00017e10       _HB_FUN_REGQUERYREFLECTIONKEY 00418e10 f   VXH:winapi.obj
 0001:00017e70       _HB_FUN_REGDELETEKEYEX     00418e70 f   VXH:winapi.obj
 0001:00017ed0       _HB_FUN__REGCREATEKEYEX    00418ed0 f   VXH:winapi.obj
 0001:00017fd0       _HB_FUN_GETENVIRONMENTVARIABLE 00418fd0 f   VXH:winapi.obj
 0001:00018040       _HB_FUN_WOW64DISABLEWOW64FSREDIRECTION 00419040 f   VXH:winapi.obj
 0001:00018080       _HB_FUN_WOW64REVERTWOW64FSREDIRECTION 00419080 f   VXH:winapi.obj
 0001:000180c0       _HB_FUN_INTERNETOPENURL    004190c0 f   VXH:winapi.obj
 0001:00018160       _HB_FUN_ISCARET            00419160 f   VXH:winapi.obj
 0001:000181a0       _HB_FUN_EXTCREATEPEN       004191a0 f   VXH:winapi.obj
 0001:00018290       _HB_FUN_DRAWMENUBAR        00419290 f   VXH:winapi.obj
 0001:000182d0       _HB_FUN_GETCURSORINFO      004192d0 f   VXH:winapi.obj
 0001:00018440       _HB_FUN_SETPROCESSDPIAWARE 00419440 f   VXH:winapi.obj
 0001:000184d0       _HB_FUN_ALERT              004194d0 f   VXH:Alert.obj
 0001:000184f0       _HB_FUN_ALERTDIALOG        004194f0 f   VXH:Alert.obj
 0001:00019a00       _HB_FUN___GETSYSTEM        0041aa00 f   VXH:System.obj
 0001:00019a20       _HB_FUN_SYSTEM             0041aa20 f   VXH:System.obj
 0001:00019b80       _HB_FUN_GC2RGB             0041ab80 f   VXH:System.obj
 0001:00019bc0       _HB_FUN___SYSTIME          0041abc0 f   VXH:System.obj
 0001:00019c40       _HB_FUN___GETMESSAGEFONT   0041ac40 f   VXH:System.obj
 0001:00019c60       _HB_FUN_WINOS              0041ac60 f   VXH:System.obj
 0001:00019ca0       _Array2Rect                0041aca0 f   VXH:winXPapi.obj
 0001:00019d20       _Rect2ArrayEx              0041ad20 f   VXH:winXPapi.obj
 0001:00019dc0       _HB_FUN___INITUXTHEME      0041adc0 f   VXH:winXPapi.obj
 0001:00019de0       _HB_FUN___ENDUXTHEME       0041ade0 f   VXH:winXPapi.obj
 0001:00019e00       _HB_FUN_ISTHEMEACTIVE      0041ae00 f   VXH:winXPapi.obj
 0001:00019e60       _HB_FUN_GETTHEMESYSFONT    0041ae60 f   VXH:winXPapi.obj
 0001:00019ee0       _HB_FUN_GETTHEMEFONT       0041aee0 f   VXH:winXPapi.obj
 0001:00019fc0       _HB_FUN_GETTHEMECOLOR      0041afc0 f   VXH:winXPapi.obj
 0001:0001a050       _HB_FUN_OPENTHEMEDATA      0041b050 f   VXH:winXPapi.obj
 0001:0001a0d0       _HB_FUN_CLOSETHEMEDATA     0041b0d0 f   VXH:winXPapi.obj
 0001:0001a130       _HB_FUN_DRAWTHEMEBACKGROUND 0041b130 f   VXH:winXPapi.obj
 0001:0001a270       _HB_FUN_DRAWTHEMETEXTEX    0041b270 f   VXH:winXPapi.obj
 0001:0001a350       _HB_FUN_DRAWTHEMETEXT      0041b350 f   VXH:winXPapi.obj
 0001:0001a430       _HB_FUN_GETTHEMEMETRIC     0041b430 f   VXH:winXPapi.obj
 0001:0001a4d0       _HB_FUN_GETTHEMEINT        0041b4d0 f   VXH:winXPapi.obj
 0001:0001a550       _HB_FUN_GETTHEMERECT       0041b550 f   VXH:winXPapi.obj
 0001:0001a620       _HB_FUN_GETTHEMEPARTSIZE   0041b620 f   VXH:winXPapi.obj
 0001:0001a740       _HB_FUN_DRAWTHEMEPARENTBACKGROUND 0041b740 f   VXH:winXPapi.obj
 0001:0001a7f0       _HB_FUN_GETCURRENTTHEMENAME 0041b7f0 f   VXH:winXPapi.obj
 0001:0001a930       _HB_FUN_GETTHEMEDOCUMENTATIONPROPERTY 0041b930 f   VXH:winXPapi.obj
 0001:0001a9f0       _HB_FUN_GETTHEMEBACKGROUNDCONTENTRECT 0041b9f0 f   VXH:winXPapi.obj
 0001:0001aad0       _HB_FUN_GETTHEMEBACKGROUNDEXTENT 0041bad0 f   VXH:winXPapi.obj
 0001:0001abb0       _HB_FUN_SETWINDOWTHEME     0041bbb0 f   VXH:winXPapi.obj
 0001:0001acc0       _HB_FUN_GETWINDOWTHEME     0041bcc0 f   VXH:winXPapi.obj
 0001:0001ad20       _HB_FUN_SETTHEMEAPPPROPERTIES 0041bd20 f   VXH:winXPapi.obj
 0001:0001ad60       _HB_FUN_GETTHEMESYSCOLOR   0041bd60 f   VXH:winXPapi.obj
 0001:0001adc0       _HB_FUN_ENABLETHEMEDIALOGTEXTURE 0041bdc0 f   VXH:winXPapi.obj
 0001:0001ae30       _LoadAtlAx                 0041be30 f   VXH:WinUtil.obj
 0001:0001ae70       _GetNamedPipeServerProcessId@8 0041be70 f   VXH:WinUtil.obj
 0001:0001aeb0       _HB_FUN_BITMAPTOREGION     0041beb0 f   VXH:WinUtil.obj
 0001:0001b2e0       _HB_FUN_GETBMPSIZE         0041c2e0 f   VXH:WinUtil.obj
 0001:0001b370       _HB_FUN_MOVETO             0041c370 f   VXH:WinUtil.obj
 0001:0001b3d0       _HB_FUN_NOT                0041c3d0 f   VXH:WinUtil.obj
 0001:0001b400       _HB_FUN_WINSETCURSOR       0041c400 f   VXH:WinUtil.obj
 0001:0001b430       _HB_FUN_IMAGELISTBEGINDRAG 0041c430 f   VXH:WinUtil.obj
 0001:0001b4a0       _HB_FUN_IMAGELISTDRAGMOVE  0041c4a0 f   VXH:WinUtil.obj
 0001:0001b4f0       _HB_FUN_IMAGELISTENDDRAG   0041c4f0 f   VXH:WinUtil.obj
 0001:0001b500       _HB_FUN_IMAGELISTDRAGENTER 0041c500 f   VXH:WinUtil.obj
 0001:0001b560       _HB_FUN_IMAGELISTDRAGSHOWNOLOCK 0041c560 f   VXH:WinUtil.obj
 0001:0001b580       _HB_FUN_IMAGELISTGETIMAGECOUNT 0041c580 f   VXH:WinUtil.obj
 0001:0001b5b0       _HB_FUN_IMAGELISTGETBITMAPS 0041c5b0 f   VXH:WinUtil.obj
 0001:0001b610       _HB_FUN_IMAGELISTDESTROY   0041c610 f   VXH:WinUtil.obj
 0001:0001b650       _HB_FUN_IMAGELISTLOADIMAGE 0041c650 f   VXH:WinUtil.obj
 0001:0001b6e0       _HB_FUN_IMAGELISTREMOVEALL 0041c6e0 f   VXH:WinUtil.obj
 0001:0001b720       _HB_FUN_IMAGELISTREMOVE    0041c720 f   VXH:WinUtil.obj
 0001:0001b770       _HB_FUN_IMAGELISTCOPY      0041c770 f   VXH:WinUtil.obj
 0001:0001b7e0       _HB_FUN_IMAGELISTGETICON   0041c7e0 f   VXH:WinUtil.obj
 0001:0001b830       _HB_FUN_IMAGELISTCREATE    0041c830 f   VXH:WinUtil.obj
 0001:0001b8a0       _HB_FUN_IMAGELISTADDMASKED 0041c8a0 f   VXH:WinUtil.obj
 0001:0001b8f0       _HB_FUN_IMAGELISTADD       0041c8f0 f   VXH:WinUtil.obj
 0001:0001b940       _HB_FUN_IMAGELISTREPLACEICON 0041c940 f   VXH:WinUtil.obj
 0001:0001b990       _HB_FUN_IMAGELISTADDICON   0041c990 f   VXH:WinUtil.obj
 0001:0001b9d0       _HB_FUN_IMAGELISTDUPLICATE 0041c9d0 f   VXH:WinUtil.obj
 0001:0001ba00       _HB_FUN_IMAGELISTGETICONSIZE 0041ca00 f   VXH:WinUtil.obj
 0001:0001ba70       _HB_FUN_IMAGELISTSETICONSIZE 0041ca70 f   VXH:WinUtil.obj
 0001:0001bad0       _HB_FUN_IMAGELISTMERGE     0041cad0 f   VXH:WinUtil.obj
 0001:0001bb60       _HB_FUN_IMAGELISTDRAW      0041cb60 f   VXH:WinUtil.obj
 0001:0001bbf0       _HB_FUN_IMAGELISTDRAWEX    0041cbf0 f   VXH:WinUtil.obj
 0001:0001bcb0       _HB_FUN_HEADERSETIMAGELIST 0041ccb0 f   VXH:WinUtil.obj
 0001:0001bd00       _HB_FUN_HEADERINSERTITEM   0041cd00 f   VXH:WinUtil.obj
 0001:0001bd60       _HB_FUN_PEEKW              0041cd60 f   VXH:WinUtil.obj
 0001:0001bd90       _HB_FUN_PEEKL              0041cd90 f   VXH:WinUtil.obj
 0001:0001bdc0       _HB_FUN_PEEK               0041cdc0 f   VXH:WinUtil.obj
 0001:0001be30       _HB_FUN_POKE               0041ce30 f   VXH:WinUtil.obj
 0001:0001beb0       _HB_FUN_BIN2F              0041ceb0 f   VXH:WinUtil.obj
 0001:0001bee0       _HB_FUN_BIN2D              0041cee0 f   VXH:WinUtil.obj
 0001:0001bf10       _HB_FUN_LISTVIEWSETITEMSTATE 0041cf10 f   VXH:WinUtil.obj
 0001:0001bf60       _HB_FUN_LISTVIEWDELETEALLITEMS 0041cf60 f   VXH:WinUtil.obj
 0001:0001bf80       _HB_FUN_LISTVIEWDELETECOLUMN 0041cf80 f   VXH:WinUtil.obj
 0001:0001bfb0       _HB_FUN_LISTVIEWSETITEMCOUNT 0041cfb0 f   VXH:WinUtil.obj
 0001:0001bfe0       _HB_FUN_LISTVIEWGETNEXTITEM 0041cfe0 f   VXH:WinUtil.obj
 0001:0001c040       _HB_FUN_LISTVIEWINSERTCOLUMN 0041d040 f   VXH:WinUtil.obj
 0001:0001c090       _HB_FUN_TVGETSELTEXT       0041d090 f   VXH:WinUtil.obj
 0001:0001c120       _HB_FUN_TVGETSELECTED      0041d120 f   VXH:WinUtil.obj
 0001:0001c160       _HB_FUN_TVSETIMAGELIST     0041d160 f   VXH:WinUtil.obj
 0001:0001c1c0       _HB_FUN_TVDELETEITEM       0041d1c0 f   VXH:WinUtil.obj
 0001:0001c1f0       _HB_FUN_TVITEMSETCHECK     0041d1f0 f   VXH:WinUtil.obj
 0001:0001c250       _HB_FUN_TVITEMGETCHECK     0041d250 f   VXH:WinUtil.obj
 0001:0001c2b0       _HB_FUN_CREATEDIRECTORY    0041d2b0 f   VXH:WinUtil.obj
 0001:0001c3d0       _HB_FUN_TABCTRL_INSERTITEM 0041d3d0 f   VXH:WinUtil.obj
 0001:0001c470       _HB_FUN_TABCTRL_SETCURSEL  0041d470 f   VXH:WinUtil.obj
 0001:0001c4c0       _HB_FUN_TABCTRL_GETCURSEL  0041d4c0 f   VXH:WinUtil.obj
 0001:0001c500       _HB_FUN_TABCTRL_GETITEM    0041d500 f   VXH:WinUtil.obj
 0001:0001c550       _HB_FUN_TABCTRL_GETITEMCOUNT 0041d550 f   VXH:WinUtil.obj
 0001:0001c590       _HB_FUN_TABCTRL_GETITEMRECT 0041d590 f   VXH:WinUtil.obj
 0001:0001c670       _HB_FUN_TABCTRL_GETROWCOUNT 0041d670 f   VXH:WinUtil.obj
 0001:0001c6b0       _HB_FUN_TABCTRL_GETIMAGELIST 0041d6b0 f   VXH:WinUtil.obj
 0001:0001c6f0       _HB_FUN_TABCTRL_SETIMAGELIST 0041d6f0 f   VXH:WinUtil.obj
 0001:0001c740       _HB_FUN_TABCTRL_SETITEM    0041d740 f   VXH:WinUtil.obj
 0001:0001c7b0       _HB_FUN_TABCTRL_DELETEALLITEMS 0041d7b0 f   VXH:WinUtil.obj
 0001:0001c7f0       _HB_FUN_TABCTRL_DELETEITEM 0041d7f0 f   VXH:WinUtil.obj
 0001:0001c840       _HB_FUN_TABCTRL_HITTEST    0041d840 f   VXH:WinUtil.obj
 0001:0001c870       _HB_FUN_TABCTRL_SETITEMEXTRA 0041d870 f   VXH:WinUtil.obj
 0001:0001c8c0       _HB_FUN_TABCTRL_ADJUSTRECT 0041d8c0 f   VXH:WinUtil.obj
 0001:0001c990       _HB_FUN_TABCTRL_SETITEMSIZE 0041d990 f   VXH:WinUtil.obj
 0001:0001ca00       _HB_FUN_TABCTRL_REMOVEIMAGE 0041da00 f   VXH:WinUtil.obj
 0001:0001ca30       _HB_FUN_TABCTRL_SETPADDING 0041da30 f   VXH:WinUtil.obj
 0001:0001ca80       _HB_FUN_TABCTRL_GETTOOLTIPS 0041da80 f   VXH:WinUtil.obj
 0001:0001cac0       _HB_FUN_TABCTRL_SETTOOLTIPS 0041dac0 f   VXH:WinUtil.obj
 0001:0001caf0       _HB_FUN_TABCTRL_GETCURFOCUS 0041daf0 f   VXH:WinUtil.obj
 0001:0001cb30       _HB_FUN_TABCTRL_SETCURFOCUS 0041db30 f   VXH:WinUtil.obj
 0001:0001cb80       _HB_FUN_TABCTRL_SETMINTABWIDTH 0041db80 f   VXH:WinUtil.obj
 0001:0001cbd0       _HB_FUN_TABCTRL_DESELECTALL 0041dbd0 f   VXH:WinUtil.obj
 0001:0001cc00       _HB_FUN_TABCTRL_HIGHLIGHTITEM 0041dc00 f   VXH:WinUtil.obj
 0001:0001cc70       _HB_FUN_TABCTRL_SETEXTENDEDSTYLE 0041dc70 f   VXH:WinUtil.obj
 0001:0001ccc0       _HB_FUN_TABCTRL_GETEXTENDEDSTYLE 0041dcc0 f   VXH:WinUtil.obj
 0001:0001cd00       _HB_FUN_TABCTRL_SETUNICODEFORMAT 0041dd00 f   VXH:WinUtil.obj
 0001:0001cd50       _HB_FUN_TABCTRL_GETUNICODEFORMAT 0041dd50 f   VXH:WinUtil.obj
 0001:0001cd90       _HB_FUN_OR                 0041dd90 f   VXH:WinUtil.obj
 0001:0001cdd0       _HB_FUN_SHGETSPECIALFOLDERLOCATION 0041ddd0 f   VXH:WinUtil.obj
 0001:0001ce40       _ConvertPathToLpItemIdList 0041de40 f   VXH:WinUtil.obj
 0001:0001cec0       _HB_FUN_CONVERTPATHTOLPITEMIDLIST 0041dec0 f   VXH:WinUtil.obj
 0001:0001cef0       _HB_FUN__SHGETFILEINFO     0041def0 f   VXH:WinUtil.obj
 0001:0001cf70       _HB_FUN_WAITEXECUTE        0041df70 f   VXH:WinUtil.obj
 0001:0001d000       _HB_FUN_SHGETDESKTOPFOLDER 0041e000 f   VXH:WinUtil.obj
 0001:0001d080       _HB_FUN_SHBROWSEFORFOLDER  0041e080 f   VXH:WinUtil.obj
 0001:0001d210       _HB_FUN_SHGETPATHFROMIDLIST 0041e210 f   VXH:WinUtil.obj
 0001:0001d250       _DrawShadow                0041e250 f   VXH:WinUtil.obj
 0001:0001d560       _HB_FUN__DRAWSHADOW        0041e560 f   VXH:WinUtil.obj
 0001:0001d5c0       _HB_FUN_GETWHEELDELTA      0041e5c0 f   VXH:WinUtil.obj
 0001:0001d600       _HB_FUN_GETSCREENBITMAP    0041e600 f   VXH:WinUtil.obj
 0001:0001d750       _HB_FUN_DRAWBITMAP         0041e750 f   VXH:WinUtil.obj
 0001:0001d940       _HB_FUN_XDRAWBITMAP        0041e940 f   VXH:WinUtil.obj
 0001:0001da90       _HB_FUN__GETCLASSNAME      0041ea90 f   VXH:WinUtil.obj
 0001:0001dad0       _HB_FUN_DRAWGRID           0041ead0 f   VXH:WinUtil.obj
 0001:0001db50       _HB_FUN_DRAWGRIDOLD        0041eb50 f   VXH:WinUtil.obj
 0001:0001dc20       _HB_FUN_GETXPARAM          0041ec20 f   VXH:WinUtil.obj
 0001:0001dc50       _HB_FUN_GETYPARAM          0041ec50 f   VXH:WinUtil.obj
 0001:0001dc80       _HB_FUN__REGISTERCLASSEX   0041ec80 f   VXH:WinUtil.obj
 0001:0001dcc0       _HB_FUN__GETCLASSINFO      0041ecc0 f   VXH:WinUtil.obj
 0001:0001dd30       _HB_FUN_ISREGISTERED       0041ed30 f   VXH:WinUtil.obj
 0001:0001ddb0       _HB_FUN_ISBADCODEPTR       0041edb0 f   VXH:WinUtil.obj
 0001:0001ddf0       ___DarkenColorXP           0041edf0 f   VXH:WinUtil.obj
 0001:0001de70       _HB_FUN_DRAWSHADOWXP       0041ee70 f   VXH:WinUtil.obj
 0001:0001df50       _HB_FUN_DARKENCOLORXP      0041ef50 f   VXH:WinUtil.obj
 0001:0001df90       __MixedColor               0041ef90 f   VXH:WinUtil.obj
 0001:0001e080       __MidColor                 0041f080 f   VXH:WinUtil.obj
 0001:0001e170       __LightenColor             0041f170 f   VXH:WinUtil.obj
 0001:0001e210       __DarkenColor              0041f210 f   VXH:WinUtil.obj
 0001:0001e290       __BleachColor              0041f290 f   VXH:WinUtil.obj
 0001:0001e370       __GetAlphaBlendColor       0041f370 f   VXH:WinUtil.obj
 0001:0001e440       _HB_FUN_MIXEDCOLOR         0041f440 f   VXH:WinUtil.obj
 0001:0001e480       _HB_FUN_MIDCOLOR           0041f480 f   VXH:WinUtil.obj
 0001:0001e4c0       _HB_FUN_LIGHTENCOLOR       0041f4c0 f   VXH:WinUtil.obj
 0001:0001e500       _HB_FUN___COLORLIGHTEN     0041f500 f   VXH:WinUtil.obj
 0001:0001e5a0       _HB_FUN_DARKENCOLOR        0041f5a0 f   VXH:WinUtil.obj
 0001:0001e5e0       _HB_FUN_BLEACHCOLOR        0041f5e0 f   VXH:WinUtil.obj
 0001:0001e620       _HB_FUN_GETALPHABLENDCOLOR 0041f620 f   VXH:WinUtil.obj
 0001:0001e670       _HB_FUN_DRAWRIGHTSHADOW    0041f670 f   VXH:WinUtil.obj
 0001:0001e760       _GetSystemImageList        0041f760 f   VXH:WinUtil.obj
 0001:0001e7f0       _HB_FUN_SYSGETIMAGELIST    0041f7f0 f   VXH:WinUtil.obj
 0001:0001e850       _HB_FUN_GETCSTR            0041f850 f   VXH:WinUtil.obj
 0001:0001e870       _ResetAdapter              0041f870 f   VXH:WinUtil.obj
 0001:0001e8d0       _GetAdapterStatus          0041f8d0 f   VXH:WinUtil.obj
 0001:0001e970       _GetMacAddress             0041f970 f   VXH:WinUtil.obj
 0001:0001eac0       _HB_FUN_GETMACADDRESS      0041fac0 f   VXH:WinUtil.obj
 0001:0001eaf0       _HB_FUN___ATLAXCREATECONTROL 0041faf0 f   VXH:WinUtil.obj
 0001:0001eb70       _HB_FUN___ATLAXCREATECONTROLLIC 0041fb70 f   VXH:WinUtil.obj
 0001:0001ec00       _HB_FUN___ATLAXGETHOST     0041fc00 f   VXH:WinUtil.obj
 0001:0001ec60       _HB_FUN___AXTRANSLATEBYHANDLE 0041fc60 f   VXH:WinUtil.obj
 0001:0001ecc0       _AxGetUnknown              0041fcc0 f   VXH:WinUtil.obj
 0001:0001ed00       _HB_FUN___AXGETUNKNOWN     0041fd00 f   VXH:WinUtil.obj
 0001:0001ed30       _AxTranslateMessage        0041fd30 f   VXH:WinUtil.obj
 0001:0001ed90       _HB_FUN___AXTRANSLATEMESSAGE 0041fd90 f   VXH:WinUtil.obj
 0001:0001eee0       _HB_FUN___MSGHOOKFUNC      0041fee0 f   VXH:WinUtil.obj
 0001:0001ef10       _HB_FUN___MSGUNHOOKFUNC    0041ff10 f   VXH:WinUtil.obj
 0001:0001ef30       _HB_FUN___AXTRANSLATEMESSAGEEX 0041ff30 f   VXH:WinUtil.obj
 0001:0001ef80       _HB_FUN___AXGETDISPATCH    0041ff80 f   VXH:WinUtil.obj
 0001:0001f020       _HB_FUN___AXGETMISCSTATUS  00420020 f   VXH:WinUtil.obj
 0001:0001f090       _HB_FUN___AXCLOSE          00420090 f   VXH:WinUtil.obj
 0001:0001f0d0       _HB_FUN___AXGETPROPERTIESDIALOG 004200d0 f   VXH:WinUtil.obj
 0001:0001f150       _AxAtlSetProp              00420150 f   VXH:WinUtil.obj
 0001:0001f2f0       _HB_FUN___AXSETPROPERTY    004202f0 f   VXH:WinUtil.obj
 0001:0001f350       _HB_FUN___AXGETPROPERTY    00420350 f   VXH:WinUtil.obj
 0001:0001f530       _HB_FUN___AXCALLMETHOD     00420530 f   VXH:WinUtil.obj
 0001:0001f800       _HB_FUN___AXRELEASEUNKNOWN 00420800 f   VXH:WinUtil.obj
 0001:0001f820       _HB_FUN___AXRELEASEDISPATCH 00420820 f   VXH:WinUtil.obj
 0001:0001f840       _HB_FUN___LOADATLAX        00420840 f   VXH:WinUtil.obj
 0001:0001f850       _HB_FUN___UNLOADATLAX      00420850 f   VXH:WinUtil.obj
 0001:0001f880       _HB_FUN___GETPIXELFROMBMP  00420880 f   VXH:WinUtil.obj
 0001:0001f8f0       _HB_FUN___ENUMSERVICES     004208f0 f   VXH:WinUtil.obj
 0001:0001fa90       _HB_FUN__REGENUMVALUE      00420a90 f   VXH:WinUtil.obj
 0001:0001fb50       _ListViewCompareProc@12    00420b50 f   VXH:WinUtil.obj
 0001:0001fc60       _ListViewCompareProc2@12   00420c60 f   VXH:WinUtil.obj
 0001:0001fcc0       _HB_FUN___LISTVIEWSORTCOLUMN 00420cc0 f   VXH:WinUtil.obj
 0001:0001fd00       _HB_FUN___LISTVIEWGETSUBITEM 00420d00 f   VXH:WinUtil.obj
 0001:0001fd30       _HB_FUN___LISTVIEWGETNEWSTATE 00420d30 f   VXH:WinUtil.obj
 0001:0001fd60       ___SystemShutdown          00420d60 f   VXH:WinUtil.obj
 0001:0001fe10       _HB_FUN_SYSTEMSHUTDOWN     00420e10 f   VXH:WinUtil.obj
 0001:0001fe50       _CreateBitmapInfoStruct    00420e50 f   VXH:WinUtil.obj
 0001:0001ff50       _HB_FUN_SENDBITMAP         00420f50 f   VXH:WinUtil.obj
 0001:00020050       _HB_FUN_GETBITMAPBITS      00421050 f   VXH:WinUtil.obj
 0001:00020100       _CreateBMPFile             00421100 f   VXH:WinUtil.obj
 0001:00020200       _HB_FUN_IMAGELISTSAVEIMAGE 00421200 f   VXH:WinUtil.obj
 0001:00020290       _HB_FUN_CREATEBMPFILE      00421290 f   VXH:WinUtil.obj
 0001:00020310       _HB_FUN_GETREALKEYNAME     00421310 f   VXH:WinUtil.obj
 0001:000203e0       _CreateDIBPalette          004213e0 f   VXH:WinUtil.obj
 0001:000204e0       __InternetStatusCallback@20 004214e0 f   VXH:WinUtil.obj
 0001:00020550       _HB_FUN__INTERNETSETSTATUSCALLBACK 00421550 f   VXH:WinUtil.obj
 0001:00020590       _HB_FUN__BMPREPLACECOLOR   00421590 f   VXH:WinUtil.obj
 0001:000207b0       _HB_FUN_PICTUREDISPLAYBLACKANDWHITE 004217b0 f   VXH:WinUtil.obj
 0001:00020950       _HB_FUN_PICTUREINVERTCOLORS 00421950 f   VXH:WinUtil.obj
 0001:00020af0       _HB_FUN_GETFILESIZE        00421af0 f   VXH:WinUtil.obj
 0001:00020b60       _HB_FUN___GETHEADERITEM    00421b60 f   VXH:WinUtil.obj
 0001:00020b90       _HB_FUN_GETOSDISPLAYSTRING 00421b90 f   VXH:WinUtil.obj
 0001:000215e0       _HB_FUN_IS64               004225e0 f   VXH:WinUtil.obj
 0001:00021650       _HB_FUN_SETSYSTEXTCOLOR    00422650 f   VXH:WinUtil.obj
 0001:000216b0       _HB_FUN___SETTBBTTNTTT     004226b0 f   VXH:WinUtil.obj
 0001:000216d0       _HB_FUN_EDITSETCUEBANNERTEXT 004226d0 f   VXH:WinUtil.obj
 0001:00021720       _HB_FUN___GETBKARRAY       00422720 f   VXH:WinUtil.obj
 0001:00021860       _HB_FUN___SETBKTRANSPARENT 00422860 f   VXH:WinUtil.obj
 0001:000218e0       _HB_FUN___SETBKARRAY       004228e0 f   VXH:WinUtil.obj
 0001:00021970       _HB_FUN_LISTBOXGETSELITEMS 00422970 f   VXH:WinUtil.obj
 0001:00021a20       _HB_FUN___GETTREEVIEWOLDITEM 00422a20 f   VXH:WinUtil.obj
 0001:00021a50       _HB_FUN___GETTREEVIEWNEWITEM 00422a50 f   VXH:WinUtil.obj
 0001:00021a80       _HB_FUN___FINDPIXELCOLOR   00422a80 f   VXH:WinUtil.obj
 0001:00021b50       _HB_FUN___RESOURCETOSTRING 00422b50 f   VXH:WinUtil.obj
 0001:00021bf0       _HB_FUN___RESICONTOSTRING  00422bf0 f   VXH:WinUtil.obj
 0001:00021c80       _HB_FUN_DBGN               00422c80 f   VXH:WinUtil.obj
 0001:00021cc0       _HB_FUN_TVDISPINFOIMAGE    00422cc0 f   VXH:WinUtil.obj
 0001:00021d00       _HB_FUN_TVDISPINFOGETHITEM 00422d00 f   VXH:WinUtil.obj
 0001:00021d30       _HB_FUN_SET_NCCALCSIZE_PARAMS 00422d30 f   VXH:WinUtil.obj
 0001:00021d50       _HB_FUN_SET_CONTROL_NCCALCSIZE_PARAMS 00422d50 f   VXH:WinUtil.obj
 0001:00021d80       _HB_FUN_SET_WINDOWPOS      00422d80 f   VXH:WinUtil.obj
 0001:00021dc0       _HB_FUN_TOOLSTRIP_NCCALCSIZE_PARAMS 00422dc0 f   VXH:WinUtil.obj
 0001:00021de0       _HB_FUN___GETMSG           00422de0 f   VXH:WinUtil.obj
 0001:00021e90       _HB_FUN___GETNMHDR         00422e90 f   VXH:WinUtil.obj
 0001:00021ed0       _HB_FUN___GETWINDOWPOS     00422ed0 f   VXH:WinUtil.obj
 0001:00021fd0       _HB_FUN___GETMEASUREITEMSTRUCT 00422fd0 f   VXH:WinUtil.obj
 0001:000220c0       _HB_FUN_KEYMENUHOOKCWP     004230c0 f   VXH:WinUtil.obj
 0001:00022110       _HB_FUN_MENUITEMINFOITEMDATA 00423110 f   VXH:WinUtil.obj
 0001:00022170       _HB_FUN___GETMENUITEMINFO  00423170 f   VXH:WinUtil.obj
 0001:000221f0       _HB_FUN_MENUITEMINFOITEMID 004231f0 f   VXH:WinUtil.obj
 0001:00022250       _HB_FUN___INSERTMENUSTRIPITEM 00423250 f   VXH:WinUtil.obj
 0001:00022320       _HB_FUN___DRAWITEMSTRUCT   00423320 f   VXH:WinUtil.obj
 0001:000224e0       _HB_FUN___DOEVENTS         004234e0 f   VXH:WinUtil.obj
 0001:00022520       _HB_FUN_EDITGETSEL         00423520 f   VXH:WinUtil.obj
 0001:00022580       _HB_FUN_EDITSETSEL         00423580 f   VXH:WinUtil.obj
 0001:000225e0       _HB_FUN_VXH_SETTOOLBARTOOLTIP 004235e0 f   VXH:WinUtil.obj
 0001:00022600       _HB_FUN_VXH_SETTOOLBARTOOLTIPW 00423600 f   VXH:WinUtil.obj
 0001:00022630       _HB_FUN_SAVEBMP            00423630 f   VXH:WinUtil.obj
 0001:00022780       _HB_FUN_GETBMPSTRING       00423780 f   VXH:WinUtil.obj
 0001:00022890       _HB_FUN___SETSCROLLINFO    00423890 f   VXH:WinUtil.obj
 0001:00022910       _HB_FUN_ENUMREGDLL         00423910 f   VXH:WinUtil.obj
 0001:00022d40       _HB_FUN_GETOLEICON         00423d40 f   VXH:WinUtil.obj
 0001:00022e10       _HB_FUN___LISTVIEWSETVIEW  00423e10 f   VXH:WinUtil.obj
 0001:00022ec0       _HB_FUN_SETFILETIME        00423ec0 f   VXH:WinUtil.obj
 0001:000230a0       _HB_FUN_NEXTLINE           004240a0 f   VXH:WinUtil.obj
 0001:000231d0       _HB_FUN_SENDEDITORSTRING   004241d0 f   VXH:WinUtil.obj
 0001:00023230       _HB_FUN_SENDEDITOR         00424230 f   VXH:WinUtil.obj
 0001:00023280       _HB_FUN_SCISETPROPERTY     00424280 f   VXH:WinUtil.obj
 0001:000232c0       _HB_FUN_SCIGETFOLD         004242c0 f   VXH:WinUtil.obj
 0001:00023300       _HB_FUN_SCISETKEYWORDS     00424300 f   VXH:WinUtil.obj
 0001:00023340       _HB_FUN_SCIREGISTEREVENTIMAGE 00424340 f   VXH:WinUtil.obj
 0001:00023380       _HB_FUN_SCIREGISTERMETHODIMAGE 00424380 f   VXH:WinUtil.obj
 0001:000233c0       _HB_FUN_SCIREGISTERPROPERTYIMAGE 004243c0 f   VXH:WinUtil.obj
 0001:00023400       _HB_FUN_TASKBARPROGRESSVALUE 00424400 f   VXH:WinUtil.obj
 0001:000234b0       _HB_FUN_TASKBARPROGRESSSTATE 004244b0 f   VXH:WinUtil.obj
 0001:00023540       _AxTranslateMessageEx      00424540 f   VXH:WinUtil.obj
 0001:00023600       _TranslateVXHAccel         00424600 f   VXH:WinUtil.obj
 0001:00023700       _HB_FUN___VXHYIELD         00424700 f   VXH:WinUtil.obj
 0001:00023740       _HB_FUN_VXH_MAINLOOP       00424740 f   VXH:WinUtil.obj
 0001:000237f0       _HB_FUN_GETPROCESSMEMORY   004247f0 f   VXH:WinUtil.obj
 0001:00023820       _HB_FUN_ISWOW64            00424820 f   VXH:WinUtil.obj
 0001:00023890       _HB_FUN___GETPROPERTYCASE  00424890 f   VXH:WinUtil.obj
 0001:000238c0       _HB_FUN_RUNASADMIN         004248c0 f   VXH:WinUtil.obj
 0001:00023ab0       _HB_FUN__GETOPENFILENAME   00424ab0 f   VXH:WinUtil.obj
 0001:00024240       _HB_FUN_ISRGB              00425240 f   VXH:WinUtil.obj
 0001:00024260       _HB_FUN_SYSTEMTIMETOLOCALTIME 00425260 f   VXH:WinUtil.obj
 0001:00024310       _HB_FUN_KILLPROCESS        00425310 f   VXH:WinUtil.obj
 0001:000243b0       _HB_FUN_ISPROCESSRUNNING   004253b0 f   VXH:WinUtil.obj
 0001:00024450       _HB_FUN_ASPTR              00425450 f   VXH:WinUtil.obj
 0001:00024480       _HB_FUN_ASLONG             00425480 f   VXH:WinUtil.obj
 0001:000244b0       _HB_FUN_VXH_FREECALLBACKPOINTER 004254b0 f   VXH:WinUtil.obj
 0001:00024540       _HB_FUN_VXH_FREECALLBACKOBJECT 00425540 f   VXH:WinUtil.obj
 0001:00024590       _HB_FUN_GETDISPLAYWORKAREA 00425590 f   VXH:WinUtil.obj
 0001:00024640       _HB_FUN_GETDEVMODEFIELDS   00425640 f   VXH:WinUtil.obj
 0001:00024700       _HB_FUN_CREATEIMAGELISTBITMAP 00425700 f   VXH:WinUtil.obj
 0001:00024860       _HB_FUN_VXH_GETNOTIFYCODE  00425860 f   VXH:WinUtil.obj
 0001:00024890       _HB_FUN_VXH_SETMENUBACKCOLOR 00425890 f   VXH:WinUtil.obj
 0001:000248f0       _HB_FUN_GETOLECOLOR        004258f0 f   VXH:WinUtil.obj
 0001:00024920       _EnumFontProc@16           00425920 f   VXH:WinUtil.obj
 0001:00024990       _HB_FUN__ENUMFONTS         00425990 f   VXH:WinUtil.obj
 0001:00024a00       _ChooseColorProc@16        00425a00 f   VXH:WinUtil.obj
 0001:00024a70       _HB_FUN__CHOOSECOLOR       00425a70 f   VXH:WinUtil.obj
 0001:00024c10       _HB_FUN_VXH_WSASTARTUP     00425c10 f   VXH:WinUtil.obj
 0001:00024c50       _HB_FUN_VXH_WSACLEANUP     00425c50 f   VXH:WinUtil.obj
 0001:00024c80       _HB_FUN_VXH_GETHOSTNAME    00425c80 f   VXH:WinUtil.obj
 0001:00024cc0       _HB_FUN_VXH_GETHOSTBYNAME  00425cc0 f   VXH:WinUtil.obj
 0001:00024d40       _HB_FUN_MESSAGEBOXINDIRECT 00425d40 f   VXH:WinUtil.obj
 0001:00024e60       _HB_FUN_GETSPECIALFOLDER   00425e60 f   VXH:WinUtil.obj
 0001:00024ef0       _HB_FUN_LISTVIEWSETBKIMAGE 00425ef0 f   VXH:WinUtil.obj
 0001:00024fd0       _GetAppVersion             00425fd0 f   VXH:WinUtil.obj
 0001:000250a0       _HB_FUN_GETFILEVERSION     004260a0 f   VXH:WinUtil.obj
 0001:00025110       _HB_FUN_FOLDERSHARE        00426110 f   VXH:WinUtil.obj
 0001:00025250       _HB_FUN_FOLDERUNSHARE      00426250 f   VXH:WinUtil.obj
 0001:00025270       _HB_FUN_GETSHAREFOLDER     00426270 f   VXH:WinUtil.obj
 0001:000252d0       _HB_FUN_GETSHARELIST       004262d0 f   VXH:WinUtil.obj
 0001:00025480       _HB_FUN_INIFILE            00426480 f   VXH:IniFile.obj
 0001:00025710       _HB_FUN_PROFESSIONALCOLORTABLE 00426710 f   VXH:ProfessionalColorTable.obj
 0001:000257b0       _HB_FUN_FLATGRAYCOLORTABLE 004267b0 f   VXH:ProfessionalColorTable.obj
 0001:000257f0       _HB_FUN_VSCOLORTABLE       004267f0 f   VXH:ProfessionalColorTable.obj
 0001:000258a0       _HB_FUN_REGISTRY           004268a0 f   VXH:Misc.obj
 0001:00025980       _HB_FUN___PROPER           00426980 f   VXH:Misc.obj
 0001:00025a30       _HB_FUN_DIALOG             00426a30 f   VXH:Dialog.obj
 0001:00025af0       _HB_FUN___GETTEMPLATE      00426af0 f   VXH:Dialog.obj
 0001:00025b70       _HB_FUN___GETFONTRATIO     00426b70 f   VXH:Dialog.obj
 0001:00025b90       _HB_FUN___GETTRUEAVEFONT   00426b90 f   VXH:Dialog.obj
 0001:00025bd0       _Rect2Array                00426bd0 f   VXH:FastWinAPI.obj
 0001:00025c70       _Array2Point               00426c70 f   VXH:FastWinAPI.obj
 0001:00025cc0       _Point2Array               00426cc0 f   VXH:FastWinAPI.obj
 0001:00025d20       _Array2Size                00426d20 f   VXH:FastWinAPI.obj
 0001:00025d70       _Size2Array                00426d70 f   VXH:FastWinAPI.obj
 0001:00025dd0       _Point2ArrayEx             00426dd0 f   VXH:FastWinAPI.obj
 0001:00025e30       _HB_FUN__INFLATERECT       00426e30 f   VXH:FastWinAPI.obj
 0001:00025ed0       _HB_FUN__INTERSECTRECT     00426ed0 f   VXH:FastWinAPI.obj
 0001:00025f70       _HB_FUN__UNIONRECT         00426f70 f   VXH:FastWinAPI.obj
 0001:00026010       _HB_FUN__SUBTRACTRECT      00427010 f   VXH:FastWinAPI.obj
 0001:000260b0       _HB_FUN__OFFSETRECT        004270b0 f   VXH:FastWinAPI.obj
 0001:00026160       _HB_FUN__ISRECTEMPTY       00427160 f   VXH:FastWinAPI.obj
 0001:000261e0       _HB_FUN__EQUALRECT         004271e0 f   VXH:FastWinAPI.obj
 0001:00026270       _HB_FUN__PTINRECT          00427270 f   VXH:FastWinAPI.obj
 0001:00026320       _HB_FUN__WINDOWFROMPOINT   00427320 f   VXH:FastWinAPI.obj
 0001:00026380       _HB_FUN__RECTVISIBLE       00427380 f   VXH:FastWinAPI.obj
 0001:00026400       _HB_FUN__VALIDATERECT      00427400 f   VXH:FastWinAPI.obj
 0001:000264a0       _HB_FUN__INVALIDATERECT    004274a0 f   VXH:FastWinAPI.obj
 0001:00026590       _HB_FUN__GETCLIENTRECT     00427590 f   VXH:FastWinAPI.obj
 0001:000265d0       _HB_FUN__GETWINDOWRECT     004275d0 f   VXH:FastWinAPI.obj
 0001:00026610       _HB_FUN__SETSCROLLINFO     00427610 f   VXH:FastWinAPI.obj
 0001:00026670       _HB_FUN__GETTEXTEXTENTPOINT32 00427670 f   VXH:FastWinAPI.obj
 0001:000266e0       _HB_FUN__GETTEXTEXTENTEXPOINT 004276e0 f   VXH:FastWinAPI.obj
 0001:00026760       _HB_FUN__POLYLINE          00427760 f   VXH:FastWinAPI.obj
 0001:00026890       _HB_FUN__POLYGON           00427890 f   VXH:FastWinAPI.obj
 0001:000269c0       _HB_FUN__CREATEPOLYGONRGN  004279c0 f   VXH:FastWinAPI.obj
 0001:00026ad0       _HB_FUN__EXTTEXTOUT        00427ad0 f   VXH:FastWinAPI.obj
 0001:00026c50       _HB_FUN__DRAWFRAMECONTROL  00427c50 f   VXH:FastWinAPI.obj
 0001:00026d00       _HB_FUN__CLIENTTOSCREEN    00427d00 f   VXH:FastWinAPI.obj
 0001:00026d90       _HB_FUN__SCREENTOCLIENT    00427d90 f   VXH:FastWinAPI.obj
 0001:00026e20       _HB_FUN__DRAWFOCUSRECT     00427e20 f   VXH:FastWinAPI.obj
 0001:00026ea0       _HB_FUN__GETSCROLLINFO     00427ea0 f   VXH:FastWinAPI.obj
 0001:00026f00       _HB_FUN__SCROLLWINDOW      00427f00 f   VXH:FastWinAPI.obj
 0001:00027000       _HB_FUN__GETCURSORPOS      00428000 f   VXH:FastWinAPI.obj
 0001:00027040       _HB_FUN__BEGINPAINT        00428040 f   VXH:FastWinAPI.obj
 0001:00027090       _HB_FUN__ENDPAINT          00428090 f   VXH:FastWinAPI.obj
 0001:000270e0       _HB_FUN__GETTEXTMETRICS    004280e0 f   VXH:FastWinAPI.obj
 0001:00027120       _HB_FUN__SENDMESSAGE       00428120 f   VXH:FastWinAPI.obj
 0001:00027290       _HB_FUN__POSTMESSAGE       00428290 f   VXH:FastWinAPI.obj
 0001:00027400       _HB_FUN__FILLRECT          00428400 f   VXH:FastWinAPI.obj
 0001:000274c0       _HB_FUN__DRAWEDGE          004284c0 f   VXH:FastWinAPI.obj
 0001:00027560       _HB_FUN__DRAWTEXT          00428560 f   VXH:FastWinAPI.obj
 0001:000276a0       _HB_FUN__GETSCROLLBARINFO  004286a0 f   VXH:FastWinAPI.obj
 0001:000276f0       _HB_FUN__CREATEFONT        004286f0 f   VXH:FastWinAPI.obj
 0001:00027a10       _HB_FUN__REDRAWWINDOW      00428a10 f   VXH:FastWinAPI.obj
 0001:00027af0       _HB_FUN__CHOOSEFONT        00428af0 f   VXH:FastWinAPI.obj
 0001:00027b50       _HB_FUN__GETWINDOWTEXT     00428b50 f   VXH:FastWinAPI.obj
 0001:00027ba0       _HB_FUN_DATETIME_GETRANGE  00428ba0 f   VXH:FastWinAPI.obj
 0001:00027ec0       _HB_FUN_DATETIME_SETRANGE  00428ec0 f   VXH:FastWinAPI.obj
 0001:00027fb0       _HB_FUN_MONTHCAL_SETRANGE  00428fb0 f   VXH:FastWinAPI.obj
 0001:000280a0       _HB_FUN_ISWINDOWCOVERED    004290a0 f   VXH:FastWinAPI.obj
 0001:000280f0       _HB_FUN__INVERTRECT        004290f0 f   VXH:FastWinAPI.obj
[...]
 0001:000ea13e       _hb_dbfGetValueFile        004eb13e f   DBF:dbf1.obj
 0001:000ea368       _hb_dbfOpenMemFile         004eb368 f   DBF:dbf1.obj
 0001:000ea392       _hb_dbfPutValueFile        004eb392 f   DBF:dbf1.obj
 0001:000ea5fa       _hb_dbfReadDBHeader        004eb5fa f   DBF:dbf1.obj
 0001:000ea996       _hb_dbfWriteDBHeader       004eb996 f   DBF:dbf1.obj
 0001:000eba0d       _hb_dbfInit                004eca0d f   DBF:dbf1.obj
 0001:000eba69       _hb_dbfExit                004eca69 f   DBF:dbf1.obj
 0001:000eb12f       _hb_dbfDrop                004ec12f f   DBF:dbf1.obj
 0001:000eb433       _hb_dbfExists              004ec433 f   DBF:dbf1.obj
 0001:000eb5ab       _hb_dbfRename              004ec5ab f   DBF:dbf1.obj
 0001:000ebb2d       _hb_dbfRddInfo             004ecb2d f   DBF:dbf1.obj
 0001:000ec1e7       __hb_dbf_rdd_init_         004ed1e7 f   DBF:dbf1.obj
 0001:000ec1a2       _dbf1__InitSymbols         004ed1a2 f   DBF:dbf1.obj
 0001:000ec555       _hb_fptHasDirectAccess     004ed555 f   DBF:dbffpt1.obj
 0001:000ec83e       _hb_fptPackGCitems         004ed83e f   DBF:dbffpt1.obj
 0001:000eca22       _hb_fptWriteGCitems        004eda22 f   DBF:dbffpt1.obj
 0001:000ec712       _hb_fptSortGCitems         004ed712 f   DBF:dbffpt1.obj
 0001:000ed15a       _hb_fptDestroyGCdata       004ee15a f   DBF:dbffpt1.obj
 0001:000ecf39       _hb_fptGCgetFreeBlock      004edf39 f   DBF:dbffpt1.obj
 0001:000ee091       _hb_fptCountSMTItemLength  004ef091 f   DBF:dbffpt1.obj
 0001:000ee287       _hb_fptCountSMTDataLength  004ef287 f   DBF:dbffpt1.obj
 0001:000ee456       _hb_fptStoreSMTItem        004ef456 f   DBF:dbffpt1.obj
 0001:000ee7f6       _hb_fptReadRawSMTItem      004ef7f6 f   DBF:dbffpt1.obj
 0001:000eec1f       _hb_fptReadSMTItem         004efc1f f   DBF:dbffpt1.obj
 0001:000eef68       _hb_fptCountSixItemLength  004eff68 f   DBF:dbffpt1.obj
 0001:000ef110       _hb_fptStoreSixItem        004f0110 f   DBF:dbffpt1.obj
 0001:000ef52d       _hb_fptReadSixItem         004f052d f   DBF:dbffpt1.obj
 0001:000ef7f5       _hb_fptCountFlexItemLength 004f07f5 f   DBF:dbffpt1.obj
 0001:000efa5e       _hb_fptStoreFlexItem       004f0a5e f   DBF:dbffpt1.obj
 0001:000eff2a       _hb_fptReadFlexItem        004f0f2a f   DBF:dbffpt1.obj
 0001:000f09a4       _hb_fptCopyToRawFile       004f19a4 f   DBF:dbffpt1.obj
 0001:000edc1a       _hb_fptGetMemoLen          004eec1a f   DBF:dbffpt1.obj
 0001:000ed142       _hb_fptInitGCdata          004ee142 f   DBF:dbffpt1.obj
 0001:000ed197       _hb_fptReadGCdata          004ee197 f   DBF:dbffpt1.obj
 0001:000ecbb1       _hb_fptGCfreeBlock         004edbb1 f   DBF:dbffpt1.obj
 0001:000ed5b0       _hb_fptWriteGCdata         004ee5b0 f   DBF:dbffpt1.obj
 0001:000f1919       _hb_fptWriteMemo           004f2919 f   DBF:dbffpt1.obj
 0001:000f25a3       _hb_fptLockForRead         004f35a3 f   DBF:dbffpt1.obj
 0001:000f0d14       _hb_fptReadRawBlock        004f1d14 f   DBF:dbffpt1.obj
 0001:000f0f94       _hb_fptReadSMTBlock        004f1f94 f   DBF:dbffpt1.obj
 0001:000f0df0       _hb_fptReadBlobBlock       004f1df0 f   DBF:dbffpt1.obj
 0001:000f10c4       _hb_fptGetMemo             004f20c4 f   DBF:dbffpt1.obj
 0001:000ec506       _hb_fptFileUnLockSh        004ed506 f   DBF:dbffpt1.obj
 0001:000ec200       _hb_memoErrorRT            004ed200 f   DBF:dbffpt1.obj
 0001:000ec394       _hb_fptFileLockEx          004ed394 f   DBF:dbffpt1.obj
 0001:000ec4b7       _hb_fptFileUnLockEx        004ed4b7 f   DBF:dbffpt1.obj
 0001:000f1f1a       _hb_fptPutMemo             004f2f1a f   DBF:dbffpt1.obj
 0001:000f25ce       _hb_fptGetVarField         004f35ce f   DBF:dbffpt1.obj
 0001:000f2ec2       _hb_fptPutVarField         004f3ec2 f   DBF:dbffpt1.obj
 0001:000ec423       _hb_fptFileLockSh          004ed423 f   DBF:dbffpt1.obj
 0001:000f0b53       _hb_fptCopyToFile          004f1b53 f   DBF:dbffpt1.obj
 0001:000f4d24       _hb_fptDoPackRec           004f5d24 f   DBF:dbffpt1.obj
 0001:000ec328       _hb_memoDefaultFileExt     004ed328 f   DBF:dbffpt1.obj
 0001:000f52c4       _hb_fptDoPack              004f62c4 f   DBF:dbffpt1.obj
 0001:000f2bce       _hb_fptGetVarFile          004f3bce f   DBF:dbffpt1.obj
 0001:000f2d05       _hb_fptPutVarFile          004f3d05 f   DBF:dbffpt1.obj
 0001:000ec63b       _hb_fptGetRootBlock        004ed63b f   DBF:dbffpt1.obj
 0001:000ec6ac       _hb_fptPutRootBlock        004ed6ac f   DBF:dbffpt1.obj
 0001:000ec59e       _hb_fptRootBlockLock       004ed59e f   DBF:dbffpt1.obj
 0001:000ec5e9       _hb_fptRootBlockUnLock     004ed5e9 f   DBF:dbffpt1.obj
 0001:000eddaa       _hb_fptGetMemoType         004eedaa f   DBF:dbffpt1.obj
 0001:000f6bc7       _hb_dbffptRegisterRDD      004f7bc7 f   DBF:dbffpt1.obj
 0001:000f6c99       _hb_dbffptRddInit          004f7c99 f   DBF:dbffpt1.obj
 0001:000f64d1       _hb_fptFieldInfo           004f74d1 f   DBF:dbffpt1.obj
 0001:000f383e       _hb_fptGetValue            004f483e f   DBF:dbffpt1.obj
 0001:000f3759       _hb_fptGetVarLen           004f4759 f   DBF:dbffpt1.obj
 0001:000f38cc       _hb_fptPutValue            004f48cc f   DBF:dbffpt1.obj
 0001:000f5bd7       _hb_fptInfo                004f6bd7 f   DBF:dbffpt1.obj
 0001:000f3747       _hb_fptStructSize          004f4747 f   DBF:dbffpt1.obj
 0001:000f58a2       _hb_fptPack                004f68a2 f   DBF:dbffpt1.obj
 0001:000f57ed       _hb_fptPackRec             004f67ed f   DBF:dbffpt1.obj
 0001:000f3958       _hb_fptCreateMemFile       004f4958 f   DBF:dbffpt1.obj
 0001:000f4139       _hb_fptGetValueFile        004f5139 f   DBF:dbffpt1.obj
 0001:000f4318       _hb_fptOpenMemFile         004f5318 f   DBF:dbffpt1.obj
 0001:000f486b       _hb_fptPutValueFile        004f586b f   DBF:dbffpt1.obj
 0001:000f6793       _hb_fptRddInfo             004f7793 f   DBF:dbffpt1.obj
 0001:000f6d43       __hb_dbffpt_rdd_init_      004f7d43 f   DBF:dbffpt1.obj
 0001:000f6cfe       _dbffpt1__InitSymbols      004f7cfe f   DBF:dbffpt1.obj
 0001:000f6d60       _hb_sxInitSeed             004f7d60 f   DBF:sxcrypt.obj
 0001:000f6dc5       _hb_sxNextSeed             004f7dc5 f   DBF:sxcrypt.obj
 0001:000f6fde       __hb_sxGetKey              004f7fde f   DBF:sxcrypt.obj
 0001:000f75e0       _hb_dbQSortIsLess          004f85e0 f   DBF:hbdbsort.obj
 0001:000f7979       _hb_dbQSortSwap            004f8979 f   DBF:hbdbsort.obj
 0001:000f7a9b       _hb_dbQSortDo              004f8a9b f   DBF:hbdbsort.obj
 0001:000f7fa2       _hb_ntxKeyNew              004f8fa2 f   NTX:dbfntx1.obj
 0001:000f8078       _hb_ntxItemType            004f9078 f   NTX:dbfntx1.obj
 0001:000f7e00       _hb_ntxNumToStr            004f8e00 f   NTX:dbfntx1.obj
 0001:000f7ea0       _hb_ntxStrToNum            004f8ea0 f   NTX:dbfntx1.obj
 0001:000f840e       _hb_ntxKeyGetItem          004f940e f   NTX:dbfntx1.obj
 0001:000f8197       _hb_ntxKeyPutItem          004f9197 f   NTX:dbfntx1.obj
 0001:000f88c7       _hb_ntxValCompare          004f98c7 f   NTX:dbfntx1.obj
 0001:000f8a1c       _hb_ntxInTopScope          004f9a1c f   NTX:dbfntx1.obj
 0001:000f8aec       _hb_ntxInBottomScope       004f9aec f   NTX:dbfntx1.obj
 0001:000f816a       _hb_ntxItemTypeCmp         004f916a f   NTX:dbfntx1.obj
 0001:000f8c14       _hb_ntxTagClearScope       004f9c14 f   NTX:dbfntx1.obj
 0001:000f7cf0       _hb_ntxErrorRT             004f8cf0 f   NTX:dbfntx1.obj
 0001:000f91ac       _hb_ntxBlockWrite          004fa1ac f   NTX:dbfntx1.obj
 0001:000f90eb       _hb_ntxBlockRead           004fa0eb f   NTX:dbfntx1.obj
 0001:000f937e       _hb_ntxTagUpdateFlags      004fa37e f   NTX:dbfntx1.obj
 0001:000f951a       _hb_ntxFreePageBuffer      004fa51a f   NTX:dbfntx1.obj
 0001:000f9483       _hb_ntxTagHeaderCheck      004fa483 f   NTX:dbfntx1.obj
 0001:000f9646       _hb_ntxPageFind            004fa646 f   NTX:dbfntx1.obj
 0001:000f96b1       _hb_ntxPageGetBuffer       004fa6b1 f   NTX:dbfntx1.obj
 0001:000f9986       _hb_ntxPageRelease         004fa986 f   NTX:dbfntx1.obj
 0001:000f9a72       _hb_ntxPageLoad            004faa72 f   NTX:dbfntx1.obj
 0001:000f9bfe       _hb_ntxPageInit            004fabfe f   NTX:dbfntx1.obj
 0001:000f9c76       _hb_ntxPageAlloc           004fac76 f   NTX:dbfntx1.obj
 0001:000f993f       _hb_ntxPageFree            004fa93f f   NTX:dbfntx1.obj
 0001:000f9263       _hb_ntxPageSave            004fa263 f   NTX:dbfntx1.obj
 0001:000f9d1a       _hb_ntxPageNew             004fad1a f   NTX:dbfntx1.obj
 0001:000fa0af       _hb_ntxTagFree             004fb0af f   NTX:dbfntx1.obj
 0001:000f9ebd       _hb_ntxTagNew              004faebd f   NTX:dbfntx1.obj
 0001:000f86c2       _hb_ntxGetKeyType          004f96c2 f   NTX:dbfntx1.obj
 0001:000f9e6a       _hb_ntxPageGetFree         004fae6a f   NTX:dbfntx1.obj
 0001:000fa6de       _hb_ntxIndexTagAdd         004fb6de f   NTX:dbfntx1.obj
 0001:000f9dfd       _hb_ntxPageAddFree         004fadfd f   NTX:dbfntx1.obj
 0001:000fa369       _hb_ntxTagLoad             004fb369 f   NTX:dbfntx1.obj
 0001:000fa2d1       _hb_ntxTagAdd              004fb2d1 f   NTX:dbfntx1.obj
 0001:000f92d1       _hb_ntxDiscardBuffers      004fa2d1 f   NTX:dbfntx1.obj
 0001:000fa884       _hb_ntxIndexTagFind        004fb884 f   NTX:dbfntx1.obj
 0001:000fa8f0       _hb_ntxTagHeaderSave       004fb8f0 f   NTX:dbfntx1.obj
 0001:000fafa9       _hb_ntxIndexHeaderSave     004fbfa9 f   NTX:dbfntx1.obj
 0001:000fb2fb       _hb_ntxIndexHeaderRead     004fc2fb f   NTX:dbfntx1.obj
 0001:000fb553       _hb_ntxIndexFlush          004fc553 f   NTX:dbfntx1.obj
 0001:000fb689       _hb_ntxIndexLockRead       004fc689 f   NTX:dbfntx1.obj
 0001:000fb8e5       _hb_ntxIndexUnLockRead     004fc8e5 f   NTX:dbfntx1.obj
 0001:000fb7ad       _hb_ntxIndexLockWrite      004fc7ad f   NTX:dbfntx1.obj
 0001:000fb9c9       _hb_ntxIndexUnLockWrite    004fc9c9 f   NTX:dbfntx1.obj
 0001:000fbc46       _hb_ntxTagSetPageStack     004fcc46 f   NTX:dbfntx1.obj
 0001:000fbcf5       _hb_ntxPageTopMove         004fccf5 f   NTX:dbfntx1.obj
 0001:000fbbce       _hb_ntxPageGetKey          004fcbce f   NTX:dbfntx1.obj
 0001:000fbd7a       _hb_ntxPageBottomMove      004fcd7a f   NTX:dbfntx1.obj
 0001:000fc340       _hb_ntxPageKeyFind         004fd340 f   NTX:dbfntx1.obj
 0001:000fc525       _hb_ntxPageFindRecNo       004fd525 f   NTX:dbfntx1.obj
 0001:000fbf6b       _hb_ntxTagNextKey          004fcf6b f   NTX:dbfntx1.obj
 0001:000fc16a       _hb_ntxTagPrevKey          004fd16a f   NTX:dbfntx1.obj
 0001:000fc98c       _hb_ntxPageKeySet          004fd98c f   NTX:dbfntx1.obj
 0001:000fca7f       _hb_ntxPageKeyDel          004fda7f f   NTX:dbfntx1.obj
 0001:000fc581       _hb_ntxTagKeyFind          004fd581 f   NTX:dbfntx1.obj
 0001:000f8020       _hb_ntxKeyCopy             004f9020 f   NTX:dbfntx1.obj
 0001:000fc9ec       _hb_ntxPageKeyAdd          004fd9ec f   NTX:dbfntx1.obj
 0001:000fcf7f       _hb_ntxBalancePages        004fdf7f f   NTX:dbfntx1.obj
 0001:000fcaf5       _hb_ntxPageSplit           004fdaf5 f   NTX:dbfntx1.obj
 0001:000fce31       _hb_ntxPageJoin            004fde31 f   NTX:dbfntx1.obj
 0001:000f87a0       _hb_ntxEvalKey             004f97a0 f   NTX:dbfntx1.obj
 0001:000f8bbc       _hb_ntxKeyInScope          004f9bbc f   NTX:dbfntx1.obj
 0001:000f90a3       _hb_ntxCheckRecordScope    004fa0a3 f   NTX:dbfntx1.obj
 0001:000fbecc       _hb_ntxTagBottomKey        004fcecc f   NTX:dbfntx1.obj
 0001:000fbe3b       _hb_ntxTagTopKey           004fce3b f   NTX:dbfntx1.obj
 0001:000fe192       _hb_ntxTagSkipFilter       004ff192 f   NTX:dbfntx1.obj
 0001:000fe302       _hb_ntxTagGoTop            004ff302 f   NTX:dbfntx1.obj
 0001:000fe406       _hb_ntxTagGoBottom         004ff406 f   NTX:dbfntx1.obj
 0001:000fe752       _hb_ntxPageCountKeys       004ff752 f   NTX:dbfntx1.obj
 0001:000feacc       _hb_ntxTagPagesFree        004ffacc f   NTX:dbfntx1.obj
 0001:000fa7cf       _hb_ntxIndexTagDel         004fb7cf f   NTX:dbfntx1.obj
 0001:000fa1e6       _hb_ntxTagDelete           004fb1e6 f   NTX:dbfntx1.obj
 0001:000fef12       _hb_ntxFindBag             004fff12 f   NTX:dbfntx1.obj
 0001:000ff05c       _hb_ntxFindTagByName       0050005c f   NTX:dbfntx1.obj
 0001:000fbaa0       _hb_ntxTagLockRead         004fcaa0 f   NTX:dbfntx1.obj
 0001:000f8fb4       _hb_ntxTagRefreshScope     004f9fb4 f   NTX:dbfntx1.obj
 0001:000fe50a       _hb_ntxTagSkipNext         004ff50a f   NTX:dbfntx1.obj
 0001:000fbba0       _hb_ntxTagUnLockRead       004fcba0 f   NTX:dbfntx1.obj
 0001:000fded2       _hb_ntxCurKeyRefresh       004feed2 f   NTX:dbfntx1.obj
 0001:000fe645       _hb_ntxTagSkipPrev         004ff645 f   NTX:dbfntx1.obj
 0001:000fe7fa       _hb_ntxTagCountRelKeyPos   004ff7fa f   NTX:dbfntx1.obj
 0001:000fe8f5       _hb_ntxTagGoToRelKeyPos    004ff8f5 f   NTX:dbfntx1.obj
 0001:000f863f       _hb_ntxEvalSeekCond        004f963f f   NTX:dbfntx1.obj
 0001:001009b8       _hb_ntxRegexMatch          005019b8 f   NTX:dbfntx1.obj
 0001:000f85bf       _hb_ntxEvalCond            004f95bf f   NTX:dbfntx1.obj
 0001:000fbb1f       _hb_ntxTagLockWrite        004fcb1f f   NTX:dbfntx1.obj
 0001:000fd331       _hb_ntxTagKeyAdd           004fe331 f   NTX:dbfntx1.obj
 0001:000fbbb7       _hb_ntxTagUnLockWrite      004fcbb7 f   NTX:dbfntx1.obj
 0001:000fd9f9       _hb_ntxTagKeyDel           004fe9f9 f   NTX:dbfntx1.obj
 0001:000f8ee5       _hb_ntxTagGetScope         004f9ee5 f   NTX:dbfntx1.obj
 0001:000f8d15       _hb_ntxTagSetScope         004f9d15 f   NTX:dbfntx1.obj
 0001:00101424       _hb_ntxQSort               00502424 f   NTX:dbfntx1.obj
 0001:00101390       _hb_ntxQuickSortCompare    00502390 f   NTX:dbfntx1.obj
 0001:0010165e       _hb_ntxSortBufferFlush     0050265e f   NTX:dbfntx1.obj
 0001:00101748       _hb_ntxSortStorePage       00502748 f   NTX:dbfntx1.obj
 0001:001015fc       _hb_ntxSortSortPage        005025fc f   NTX:dbfntx1.obj
 0001:00101b9d       _hb_ntxSortGetPageKey      00502b9d f   NTX:dbfntx1.obj
 0001:001019f2       _hb_ntxSortWritePage       005029f2 f   NTX:dbfntx1.obj
 0001:00101d93       _hb_ntxSortOrderPages      00502d93 f   NTX:dbfntx1.obj
 0001:00101f81       _hb_ntxSortKeyGet          00502f81 f   NTX:dbfntx1.obj
 0001:001018bd       _hb_ntxSortAddNodeKey      005028bd f   NTX:dbfntx1.obj
 0001:001025a7       _hb_ntxSortFree            005035a7 f   NTX:dbfntx1.obj
 0001:00102307       _hb_ntxSortNew             00503307 f   NTX:dbfntx1.obj
 0001:0010224a       _hb_ntxSortKeyAdd          0050324a f   NTX:dbfntx1.obj
 0001:001026d1       _hb_ntxSortOut             005036d1 f   NTX:dbfntx1.obj
 0001:000f95c9       _hb_ntxIndexTrunc          004fa5c9 f   NTX:dbfntx1.obj
 0001:00102b87       _hb_ntxTagCreate           00503b87 f   NTX:dbfntx1.obj
 0001:000fae82       _hb_ntxIndexFree           004fbe82 f   NTX:dbfntx1.obj
 0001:000fec58       _hb_ntxCreateFName         004ffc58 f   NTX:dbfntx1.obj
 0001:000fae3f       _hb_ntxIndexNew            004fbe3f f   NTX:dbfntx1.obj
 0001:000fb09d       _hb_ntxIndexLoad           004fc09d f   NTX:dbfntx1.obj
 0001:000ff0ba       _hb_ntxFindTag             005000ba f   NTX:dbfntx1.obj
 0001:000febc8       _hb_ntxTagSpaceFree        004ffbc8 f   NTX:dbfntx1.obj
 0001:000ff31f       _hb_ntxFindTagNum          0050031f f   NTX:dbfntx1.obj
 0001:000ff3bd       _hb_ntxOrdKeyCount         005003bd f   NTX:dbfntx1.obj
 0001:000ff70b       _hb_ntxOrdKeyGoto          0050070b f   NTX:dbfntx1.obj
 0001:000ff4ca       _hb_ntxOrdKeyNo            005004ca f   NTX:dbfntx1.obj
 0001:000ffa5c       _hb_ntxOrdSetRelKeyPos     00500a5c f   NTX:dbfntx1.obj
 0001:000ff81b       _hb_ntxOrdGetRelKeyPos     0050081b f   NTX:dbfntx1.obj
 0001:00100dd3       _hb_ntxOrdKeyAdd           00501dd3 f   NTX:dbfntx1.obj
 0001:00100f54       _hb_ntxOrdKeyDel           00501f54 f   NTX:dbfntx1.obj
 0001:000ffe25       _hb_ntxOrdSkipUnique       00500e25 f   NTX:dbfntx1.obj
 0001:00100108       _hb_ntxOrdSkipEval         00501108 f   NTX:dbfntx1.obj
 0001:00100451       _hb_ntxOrdSkipWild         00501451 f   NTX:dbfntx1.obj
 0001:00100a50       _hb_ntxOrdSkipRegEx        00501a50 f   NTX:dbfntx1.obj
 0001:00101119       _hb_ntxOrdFindRec          00502119 f   NTX:dbfntx1.obj
 0001:00101267       _hb_ntxOrdScopeEval        00502267 f   NTX:dbfntx1.obj
 0001:0010365a       _hb_ntxReIndex             0050465a f   NTX:dbfntx1.obj
 0001:00108809       _hb_dbfntxRddInit          00509809 f   NTX:dbfntx1.obj
 0001:00103717       _hb_ntxGoBottom            00504717 f   NTX:dbfntx1.obj
 0001:0010387d       _hb_ntxGoTop               0050487d f   NTX:dbfntx1.obj
 0001:001039e3       _hb_ntxSeek                005049e3 f   NTX:dbfntx1.obj
 0001:00103e1d       _hb_ntxSkipRaw             00504e1d f   NTX:dbfntx1.obj
 0001:001040c7       _hb_ntxFlush               005050c7 f   NTX:dbfntx1.obj
 0001:0010415b       _hb_ntxGoCold              0050515b f   NTX:dbfntx1.obj
 0001:00104622       _hb_ntxGoHot               00505622 f   NTX:dbfntx1.obj
 0001:00104736       _hb_ntxClose               00505736 f   NTX:dbfntx1.obj
 0001:00104812       _hb_ntxOpen                00505812 f   NTX:dbfntx1.obj
 0001:00104800       _hb_ntxStructSize          00505800 f   NTX:dbfntx1.obj
 0001:001049d3       _hb_ntxPack                005059d3 f   NTX:dbfntx1.obj
 0001:00104a14       _hb_ntxZap                 00505a14 f   NTX:dbfntx1.obj
 0001:00107bde       _hb_ntxOrderListAdd        00508bde f   NTX:dbfntx1.obj
 0001:00107f80       _hb_ntxOrderListClear      00508f80 f   NTX:dbfntx1.obj
 0001:00108078       _hb_ntxOrderListDelete     00509078 f   NTX:dbfntx1.obj
 0001:001081c8       _hb_ntxOrderListFocus      005091c8 f   NTX:dbfntx1.obj
 0001:0010824d       _hb_ntxOrderListRebuild    0050924d f   NTX:dbfntx1.obj
 0001:00104a55       _hb_ntxOrderCreate         00505a55 f   NTX:dbfntx1.obj
 0001:00105c83       _hb_ntxOrderDestroy        00506c83 f   NTX:dbfntx1.obj
 0001:00105ea7       _hb_ntxOrderInfo           00506ea7 f   NTX:dbfntx1.obj
 0001:001083ad       _hb_ntxCountScope          005093ad f   NTX:dbfntx1.obj
 0001:001083e0       _hb_ntxInit                005093e0 f   NTX:dbfntx1.obj
 0001:0010844a       _hb_ntxRddInfo             0050944a f   NTX:dbfntx1.obj
 0001:001088af       __hb_dbfntx_rdd_init_      005098af f   NTX:dbfntx1.obj
 0001:0010886a       _dbfntx1__InitSymbols      0050986a f   NTX:dbfntx1.obj
 0001:00108a20       _prout                     00509a20 f   crt:vsnprintf.obj
 0001:00108d80       _prout                     00509d80 f   crt:sprintf.obj
 0001:00108e20       _grabhunk                  00509e20 f   crt:malloc.obj
 0001:001099a0       _closeall                  0050a9a0 f   crt:fclose.obj
 0001:00109c60       _scin                      0050ac60 f   crt:sscanf.obj
 0001:0010ae20       _prout                     0050be20 f   crt:printf.obj
 0001:0010afe0       _prout                     0050bfe0 f   crt:vfprintf.obj
 0001:0010b080       _prout                     0050c080 f   crt:fprintf.obj
 0001:0010b830       _swap                      0050c830 f   crt:qsort.obj
 0001:0010ba60       _med3                      0050ca60 f   crt:qsort.obj
 0001:0010bad0       _median                    0050cad0 f   crt:qsort.obj
 0001:0010b8e0       _rot3                      0050c8e0 f   crt:qsort.obj
 0001:0010bc70       _intro_sort                0050cc70 f   crt:qsort.obj
 0001:0010bba0       _adjust_heap               0050cba0 f   crt:qsort.obj
 0001:0010b9c0       _rotate                    0050c9c0 f   crt:qsort.obj
 0001:0010c4e0       _parse_cmdline             0050d4e0 f   crt:_setargv.obj
 0001:0010e340       _ctrlevent_capture@4       0050f340 f   crt:signal.obj
 0001:00110b90       _rangematch                00511b90 f   crt:_getstr.obj
 0001:001130d0       _dmul                      005140d0 f   crt:_fppow10l.obj
